Archive member included because of file (symbol)

/usr/lib/gcc/avr/4.8.1/avr5/libgcc.a(_mulsi3.o)
                              ./arduino/arduino_libs/WMath.o (__mulsi3)
/usr/lib/gcc/avr/4.8.1/avr5/libgcc.a(_udivmodsi4.o)
                              ./arduino/arduino_libs/HardwareSerial.o (__udivmodsi4)
/usr/lib/gcc/avr/4.8.1/avr5/libgcc.a(_divmodsi4.o)
                              ./arduino/arduino_libs/WMath.o (__divmodsi4)
/usr/lib/gcc/avr/4.8.1/avr5/libgcc.a(_negsi2.o)
                              /usr/lib/gcc/avr/4.8.1/avr5/libgcc.a(_divmodsi4.o) (__negsi2)
/usr/lib/gcc/avr/4.8.1/avr5/libgcc.a(_exit.o)
                              /usr/lib/gcc/avr/4.8.1/../../../avr/lib/avr5/crtm328p.o (exit)
/usr/lib/gcc/avr/4.8.1/avr5/libgcc.a(_copy_data.o)
                              ./arduino/arduino_libs/HardwareSerial.o (__do_copy_data)
/usr/lib/gcc/avr/4.8.1/avr5/libgcc.a(_clear_bss.o)
                              ./arduino/arduino_libs/HardwareSerial.o (__do_clear_bss)
/usr/lib/gcc/avr/4.8.1/avr5/libgcc.a(_ctors.o)
                              ./arduino/arduino_libs/HardwareSerial.o (__do_global_ctors)
/usr/lib/gcc/avr/4.8.1/avr5/libgcc.a(_dtors.o)
                              ./arduino/test.o (__do_global_dtors)
/usr/lib/gcc/avr/4.8.1/avr5/libgcc.a(_muluhisi3.o)
                              ./arduino/arduino_libs/Stream.o (__muluhisi3)
/usr/lib/gcc/avr/4.8.1/avr5/libgcc.a(_tablejump.o)
                              /usr/lib/gcc/avr/4.8.1/avr5/libgcc.a(_ctors.o) (__tablejump__)
/usr/lib/gcc/avr/4.8.1/avr5/libgcc.a(_umulhisi3.o)
                              /usr/lib/gcc/avr/4.8.1/avr5/libgcc.a(_muluhisi3.o) (__umulhisi3)
/usr/lib/gcc/avr/4.8.1/../../../avr/lib/avr5/libm.a(addsf3.o)
                              ./arduino/arduino_libs/Print.o (__subsf3)
/usr/lib/gcc/avr/4.8.1/../../../avr/lib/avr5/libm.a(addsf3x.o)
                              /usr/lib/gcc/avr/4.8.1/../../../avr/lib/avr5/libm.a(addsf3.o) (__addsf3x)
/usr/lib/gcc/avr/4.8.1/../../../avr/lib/avr5/libm.a(cmpsf2.o)
                              ./arduino/arduino_libs/Print.o (__ltsf2)
/usr/lib/gcc/avr/4.8.1/../../../avr/lib/avr5/libm.a(divsf3.o)
                              ./arduino/arduino_libs/Print.o (__divsf3)
/usr/lib/gcc/avr/4.8.1/../../../avr/lib/avr5/libm.a(divsf3x.o)
                              /usr/lib/gcc/avr/4.8.1/../../../avr/lib/avr5/libm.a(divsf3.o) (__divsf3x)
/usr/lib/gcc/avr/4.8.1/../../../avr/lib/avr5/libm.a(fixsfsi.o)
                              ./arduino/arduino_libs/Print.o (__fixsfsi)
/usr/lib/gcc/avr/4.8.1/../../../avr/lib/avr5/libm.a(fixunssfsi.o)
                              ./arduino/arduino_libs/Print.o (__fixunssfsi)
/usr/lib/gcc/avr/4.8.1/../../../avr/lib/avr5/libm.a(floatsisf.o)
                              ./arduino/arduino_libs/Print.o (__floatunsisf)
/usr/lib/gcc/avr/4.8.1/../../../avr/lib/avr5/libm.a(fp_cmp.o)
                              /usr/lib/gcc/avr/4.8.1/../../../avr/lib/avr5/libm.a(cmpsf2.o) (__fp_cmp)
/usr/lib/gcc/avr/4.8.1/../../../avr/lib/avr5/libm.a(fp_inf.o)
                              /usr/lib/gcc/avr/4.8.1/../../../avr/lib/avr5/libm.a(addsf3x.o) (__fp_inf)
/usr/lib/gcc/avr/4.8.1/../../../avr/lib/avr5/libm.a(fp_nan.o)
                              /usr/lib/gcc/avr/4.8.1/../../../avr/lib/avr5/libm.a(addsf3x.o) (__fp_nan)
/usr/lib/gcc/avr/4.8.1/../../../avr/lib/avr5/libm.a(fp_pscA.o)
                              /usr/lib/gcc/avr/4.8.1/../../../avr/lib/avr5/libm.a(addsf3x.o) (__fp_pscA)
/usr/lib/gcc/avr/4.8.1/../../../avr/lib/avr5/libm.a(fp_pscB.o)
                              /usr/lib/gcc/avr/4.8.1/../../../avr/lib/avr5/libm.a(addsf3x.o) (__fp_pscB)
/usr/lib/gcc/avr/4.8.1/../../../avr/lib/avr5/libm.a(fp_round.o)
                              /usr/lib/gcc/avr/4.8.1/../../../avr/lib/avr5/libm.a(addsf3.o) (__fp_round)
/usr/lib/gcc/avr/4.8.1/../../../avr/lib/avr5/libm.a(fp_split3.o)
                              /usr/lib/gcc/avr/4.8.1/../../../avr/lib/avr5/libm.a(addsf3x.o) (__fp_split3)
/usr/lib/gcc/avr/4.8.1/../../../avr/lib/avr5/libm.a(fp_zero.o)
                              /usr/lib/gcc/avr/4.8.1/../../../avr/lib/avr5/libm.a(addsf3x.o) (__fp_zero)
/usr/lib/gcc/avr/4.8.1/../../../avr/lib/avr5/libm.a(gesf2.o)
                              ./arduino/arduino_libs/Print.o (__gtsf2)
/usr/lib/gcc/avr/4.8.1/../../../avr/lib/avr5/libm.a(mulsf3.o)
                              ./arduino/arduino_libs/Print.o (__mulsf3)
/usr/lib/gcc/avr/4.8.1/../../../avr/lib/avr5/libm.a(mulsf3x.o)
                              /usr/lib/gcc/avr/4.8.1/../../../avr/lib/avr5/libm.a(mulsf3.o) (__mulsf3x)
/usr/lib/gcc/avr/4.8.1/../../../avr/lib/avr5/libm.a(unordsf2.o)
                              ./arduino/arduino_libs/Print.o (__unordsf2)
/usr/lib/gcc/avr/4.8.1/../../../avr/lib/avr5/libc.a(malloc.o)
                              ./arduino/arduino_libs/new.o (malloc)
/usr/lib/gcc/avr/4.8.1/../../../avr/lib/avr5/libc.a(random.o)
                              ./arduino/arduino_libs/WMath.o (random)
[...]
Memory Configuration

Name             Origin             Length             Attributes
text             0x0000000000000000 0x0000000000020000 xr
data             0x0000000000800060 0x000000000000ffa0 rw !x
eeprom           0x0000000000810000 0x0000000000010000 rw !x
fuse             0x0000000000820000 0x0000000000000400 rw !x
lock             0x0000000000830000 0x0000000000000400 rw !x
signature        0x0000000000840000 0x0000000000000400 rw !x
user_signatures  0x0000000000850000 0x0000000000000400 rw !x
*default*        0x0000000000000000 0xffffffffffffffff

Linker script and memory map

Address of section .data set to 0x800100
LOAD /usr/lib/gcc/avr/4.8.1/../../../avr/lib/avr5/crtm328p.o
LOAD ./arduino/arduino_libs/CDC.o
LOAD ./arduino/arduino_libs/HID.o
LOAD ./arduino/arduino_libs/HardwareSerial.o
LOAD ./arduino/arduino_libs/IPAddress.o
LOAD ./arduino/arduino_libs/Print.o
LOAD ./arduino/arduino_libs/Stream.o
LOAD ./arduino/arduino_libs/Tone.o
LOAD ./arduino/arduino_libs/USBCore.o
LOAD ./arduino/arduino_libs/WInterrupts.o
LOAD ./arduino/arduino_libs/WMath.o
LOAD ./arduino/arduino_libs/WString.o
LOAD ./arduino/arduino_libs/main.o
LOAD ./arduino/arduino_libs/new.o
LOAD ./arduino/arduino_libs/wiring.o
LOAD ./arduino/arduino_libs/wiring_analog.o
LOAD ./arduino/arduino_libs/wiring_digital.o
LOAD ./arduino/arduino_libs/wiring_pulse.o
LOAD ./arduino/arduino_libs/wiring_shift.o
LOAD ./arduino/SerialTerminal.o
LOAD ./arduino/test.o
LOAD /usr/lib/gcc/avr/4.8.1/avr5/libgcc.a
LOAD /usr/lib/gcc/avr/4.8.1/../../../avr/lib/avr5/libm.a
START GROUP
LOAD /usr/lib/gcc/avr/4.8.1/avr5/libgcc.a
LOAD /usr/lib/gcc/avr/4.8.1/../../../avr/lib/avr5/libm.a
LOAD /usr/lib/gcc/avr/4.8.1/../../../avr/lib/avr5/libc.a
END GROUP

.hash
 *(.hash)

.dynsym
 *(.dynsym)

.dynstr
 *(.dynstr)

.gnu.version
 *(.gnu.version)

.gnu.version_d
 *(.gnu.version_d)

.gnu.version_r
 *(.gnu.version_r)

.rel.init
 *(.rel.init)

.rela.init
 *(.rela.init)

.rel.text
 *(.rel.text)
 *(.rel.text.*)
 *(.rel.gnu.linkonce.t*)

.rela.text
 *(.rela.text)
 *(.rela.text.*)
 *(.rela.gnu.linkonce.t*)

.rel.fini
 *(.rel.fini)

.rela.fini
 *(.rela.fini)

.rel.rodata
 *(.rel.rodata)
 *(.rel.rodata.*)
 *(.rel.gnu.linkonce.r*)

.rela.rodata
 *(.rela.rodata)
 *(.rela.rodata.*)
 *(.rela.gnu.linkonce.r*)

.rel.data
 *(.rel.data)
 *(.rel.data.*)
 *(.rel.gnu.linkonce.d*)

.rela.data
 *(.rela.data)
 *(.rela.data.*)
 *(.rela.gnu.linkonce.d*)

.rel.ctors
 *(.rel.ctors)

.rela.ctors
 *(.rela.ctors)

.rel.dtors
 *(.rel.dtors)

.rela.dtors
 *(.rela.dtors)

.rel.got
 *(.rel.got)

.rela.got
 *(.rela.got)

.rel.bss
 *(.rel.bss)

.rela.bss
 *(.rela.bss)

.rel.plt
 *(.rel.plt)

.rela.plt
 *(.rela.plt)

.text           0x0000000000000000      0xca2
 *(.vectors)
 .vectors       0x0000000000000000       0x68 /usr/lib/gcc/avr/4.8.1/../../../avr/lib/avr5/crtm328p.o
                0x0000000000000000                __vectors
                0x0000000000000000                __vector_default
 *(.vectors)
 *(.progmem.gcc*)
                0x0000000000000068                . = ALIGN (0x2)
                0x0000000000000068                __trampolines_start = .
 *(.trampolines)
 .trampolines   0x0000000000000068        0x0 linker stubs
 *(.trampolines*)
                0x0000000000000068                __trampolines_end = .
 *(.progmem*)
 .progmem.data._ZL21tone_pin_to_timer_PGM
                0x0000000000000068        0x1 ./arduino/arduino_libs/Tone.o
 .progmem.data.digital_pin_to_timer_PGM
                0x0000000000000069       0x14 ./arduino/arduino_libs/wiring_digital.o
                0x0000000000000069                digital_pin_to_timer_PGM
 .progmem.data.digital_pin_to_bit_mask_PGM
                0x000000000000007d       0x14 ./arduino/arduino_libs/wiring_digital.o
                0x000000000000007d                digital_pin_to_bit_mask_PGM
 .progmem.data.digital_pin_to_port_PGM
                0x0000000000000091       0x14 ./arduino/arduino_libs/wiring_digital.o
                0x0000000000000091                digital_pin_to_port_PGM
 .progmem.data.port_to_output_PGM
                0x00000000000000a5        0xa ./arduino/arduino_libs/wiring_digital.o
                0x00000000000000a5                port_to_output_PGM
 .progmem.data.port_to_mode_PGM
                0x00000000000000af        0xa ./arduino/arduino_libs/wiring_digital.o
                0x00000000000000af                port_to_mode_PGM
                0x00000000000000ba                . = ALIGN (0x2)
 *fill*         0x00000000000000b9        0x1 
 *(.jumptables)
 *(.jumptables*)
 *(.lowtext)
 *(.lowtext*)
                0x00000000000000ba                __ctors_start = .
 *(.ctors)
 .ctors         0x00000000000000ba        0x2 ./arduino/arduino_libs/HardwareSerial.o
 .ctors         0x00000000000000bc        0x2 ./arduino/arduino_libs/IPAddress.o
 .ctors         0x00000000000000be        0x2 ./arduino/test.o
                0x00000000000000c0                __ctors_end = .
                0x00000000000000c0                __dtors_start = .
 *(.dtors)
 .dtors         0x00000000000000c0        0x2 ./arduino/test.o
                0x00000000000000c2                __dtors_end = .
 SORT(*)(.ctors)
 SORT(*)(.dtors)
 *(.init0)
 .init0         0x00000000000000c2        0x0 /usr/lib/gcc/avr/4.8.1/../../../avr/lib/avr5/crtm328p.o
                0x00000000000000c2                __init
 *(.init0)
 *(.init1)
 *(.init1)
 *(.init2)
 .init2         0x00000000000000c2        0xc /usr/lib/gcc/avr/4.8.1/../../../avr/lib/avr5/crtm328p.o
 *(.init2)
 *(.init3)
 *(.init3)
 *(.init4)
 .init4         0x00000000000000ce       0x16 /usr/lib/gcc/avr/4.8.1/avr5/libgcc.a(_copy_data.o)
                0x00000000000000ce                __do_copy_data
 .init4         0x00000000000000e4       0x10 /usr/lib/gcc/avr/4.8.1/avr5/libgcc.a(_clear_bss.o)
                0x00000000000000e4                __do_clear_bss
 *(.init4)
 *(.init5)
 *(.init5)
 *(.init6)
 .init6         0x00000000000000f4       0x14 /usr/lib/gcc/avr/4.8.1/avr5/libgcc.a(_ctors.o)
                0x00000000000000f4                __do_global_ctors
 *(.init6)
 *(.init7)
 *(.init7)
 *(.init8)
 *(.init8)
 *(.init9)
 .init9         0x0000000000000108        0x4 /usr/lib/gcc/avr/4.8.1/../../../avr/lib/avr5/crtm328p.o
 *(.init9)
 *(.text)
 .text          0x000000000000010c        0x2 /usr/lib/gcc/avr/4.8.1/../../../avr/lib/avr5/crtm328p.o
                0x000000000000010c                __vector_22
                0x000000000000010c                __vector_24
                0x000000000000010c                __vector_12
                0x000000000000010c                __bad_interrupt
                0x000000000000010c                __vector_6
                0x000000000000010c                __vector_3
                0x000000000000010c                __vector_23
                0x000000000000010c                __vector_25
                0x000000000000010c                __vector_11
                0x000000000000010c                __vector_13
                0x000000000000010c                __vector_17
                0x000000000000010c                __vector_5
                0x000000000000010c                __vector_4
                0x000000000000010c                __vector_9
                0x000000000000010c                __vector_21
                0x000000000000010c                __vector_15
                0x000000000000010c                __vector_8
                0x000000000000010c                __vector_14
                0x000000000000010c                __vector_10
                0x000000000000010c                __vector_20
                0x000000000000010e                . = ALIGN (0x2)
 *(.text.*)
 .text._ZN14HardwareSerial9availableEv
                0x000000000000010e       0x20 ./arduino/arduino_libs/HardwareSerial.o
                0x000000000000010e                _ZN14HardwareSerial9availableEv
 .text._ZN14HardwareSerial4peekEv
                0x000000000000012e       0x32 ./arduino/arduino_libs/HardwareSerial.o
                0x000000000000012e                _ZN14HardwareSerial4peekEv
 .text._ZN14HardwareSerial4readEv
                0x0000000000000160       0x40 ./arduino/arduino_libs/HardwareSerial.o
                0x0000000000000160                _ZN14HardwareSerial4readEv
 .text._ZN14HardwareSerial5flushEv
                0x00000000000001a0       0x16 ./arduino/arduino_libs/HardwareSerial.o
                0x00000000000001a0                _ZN14HardwareSerial5flushEv
 .text._ZN14HardwareSerial5writeEh
                0x00000000000001b6       0x7a ./arduino/arduino_libs/HardwareSerial.o
                0x00000000000001b6                _ZN14HardwareSerial5writeEh
 .text._Z11serialEventv
                0x0000000000000230        0x2 ./arduino/arduino_libs/HardwareSerial.o
                0x0000000000000230                _Z11serialEventv
 .text.__vector_18
                0x0000000000000232       0x74 ./arduino/arduino_libs/HardwareSerial.o
                0x0000000000000232                __vector_18
 .text._Z14serialEventRunv
                0x00000000000002a6        0xe ./arduino/arduino_libs/HardwareSerial.o
                0x00000000000002a6                _Z14serialEventRunv
 .text.__vector_19
                0x00000000000002b4       0x76 ./arduino/arduino_libs/HardwareSerial.o
                0x00000000000002b4                __vector_19
 .text._ZN14HardwareSerial5beginEm
                0x000000000000032a       0xfe ./arduino/arduino_libs/HardwareSerial.o
                0x000000000000032a                _ZN14HardwareSerial5beginEm
 .text.startup._GLOBAL__sub_I_rx_buffer
                0x0000000000000428       0xb0 ./arduino/arduino_libs/HardwareSerial.o
 .text._ZNK9IPAddress7printToER5Print
                0x00000000000004d8       0x6e ./arduino/arduino_libs/IPAddress.o
                0x00000000000004d8                _ZNK9IPAddress7printToER5Print
 .text.startup._GLOBAL__sub_I__ZN9IPAddressC2Ev
                0x0000000000000546       0x1e ./arduino/arduino_libs/IPAddress.o
 .text._ZN5Print5writeEPKhj
                0x0000000000000564       0x50 ./arduino/arduino_libs/Print.o
                0x0000000000000564                _ZN5Print5writeEPKhj
 .text._ZN5Print5writeEPKc
                0x00000000000005b4       0x2c ./arduino/arduino_libs/Print.o
                0x00000000000005b4                _ZN5Print5writeEPKc
 .text._ZN5Print5printEPKc
                0x00000000000005e0        0x2 ./arduino/arduino_libs/Print.o
                0x00000000000005e0                _ZN5Print5printEPKc
 .text._ZN5Print5printEc
                0x00000000000005e2        0xe ./arduino/arduino_libs/Print.o
                0x00000000000005e2                _ZN5Print5printEc
 .text._ZN5Print7printlnEv
                0x00000000000005f0        0x4 ./arduino/arduino_libs/Print.o
                0x00000000000005f0                _ZN5Print7printlnEv
 .text._ZN5Print7printlnEPKc
                0x00000000000005f4       0x20 ./arduino/arduino_libs/Print.o
                0x00000000000005f4                _ZN5Print7printlnEPKc
 .text._ZN5Print11printNumberEmh
                0x0000000000000614       0xae ./arduino/arduino_libs/Print.o
                0x0000000000000614                _ZN5Print11printNumberEmh
 .text._ZN5Print5printEmi
                0x00000000000006c2       0x18 ./arduino/arduino_libs/Print.o
                0x00000000000006c2                _ZN5Print5printEmi
 .text._ZN5Print5printEhi
                0x00000000000006da        0xc ./arduino/arduino_libs/Print.o
                0x00000000000006da                _ZN5Print5printEhi
 .text._Z12disableTimerh
                0x00000000000006e6       0x40 ./arduino/arduino_libs/Tone.o
                0x00000000000006e6                _Z12disableTimerh
 .text._Z6noToneh
                0x0000000000000726       0x26 ./arduino/arduino_libs/Tone.o
                0x0000000000000726                _Z6noToneh
 .text.__vector_7
                0x000000000000074c       0xb6 ./arduino/arduino_libs/Tone.o
                0x000000000000074c                __vector_7
 .text.__vector_1
                0x0000000000000802       0x5a ./arduino/arduino_libs/WInterrupts.o
                0x0000000000000802                __vector_1
 .text.__vector_2
                0x000000000000085c       0x5a ./arduino/arduino_libs/WInterrupts.o
                0x000000000000085c                __vector_2
 .text.startup.main
                0x00000000000008b6       0x12 ./arduino/arduino_libs/main.o
                0x00000000000008b6                main
 .text.__vector_16
                0x00000000000008c8       0x94 ./arduino/arduino_libs/wiring.o
                0x00000000000008c8                __vector_16
 .text.init     0x000000000000095c       0x76 ./arduino/arduino_libs/wiring.o
                0x000000000000095c                init
 .text.turnOffPWM
                0x00000000000009d2       0x52 ./arduino/arduino_libs/wiring_digital.o
 .text.pinMode  0x0000000000000a24       0x72 ./arduino/arduino_libs/wiring_digital.o
                0x0000000000000a24                pinMode
 .text.digitalWrite
                0x0000000000000a96       0x6a ./arduino/arduino_libs/wiring_digital.o
                0x0000000000000a96                digitalWrite
 .text._ZN14SerialTerminalC2Ev
                0x0000000000000b00       0x1c ./arduino/SerialTerminal.o
                0x0000000000000b00                _ZN14SerialTerminalC1Ev
                0x0000000000000b00                _ZN14SerialTerminalC2Ev
 .text._ZN14SerialTerminalD2Ev
                0x0000000000000b1c        0x2 ./arduino/SerialTerminal.o
                0x0000000000000b1c                _ZN14SerialTerminalD1Ev
                0x0000000000000b1c                _ZN14SerialTerminalD2Ev
 .text._ZN14SerialTerminal4initEv
                0x0000000000000b1e        0xe ./arduino/SerialTerminal.o
                0x0000000000000b1e                _ZN14SerialTerminal4initEv
 .text._ZN14SerialTerminal10executeCmdEv
                0x0000000000000b2c       0x66 ./arduino/SerialTerminal.o
                0x0000000000000b2c                _ZN14SerialTerminal10executeCmdEv
 .text._ZN14SerialTerminal17processReadedSignEc
                0x0000000000000b92       0x34 ./arduino/SerialTerminal.o
                0x0000000000000b92                _ZN14SerialTerminal17processReadedSignEc
 .text._ZN14SerialTerminal9readInputEv
                0x0000000000000bc6       0x28 ./arduino/SerialTerminal.o
                0x0000000000000bc6                _ZN14SerialTerminal9readInputEv
 .text.setup    0x0000000000000bee        0xc ./arduino/test.o
                0x0000000000000bee                setup
 .text.loop     0x0000000000000bfa        0xc ./arduino/test.o
                0x0000000000000bfa                loop
 .text.startup._GLOBAL__sub_I_Terminal
                0x0000000000000c06        0x6 ./arduino/test.o
 .text.exit._GLOBAL__sub_D_Terminal
                0x0000000000000c0c        0x6 ./arduino/test.o
 .text.libgcc.div
                0x0000000000000c12       0x44 /usr/lib/gcc/avr/4.8.1/avr5/libgcc.a(_udivmodsi4.o)
                0x0000000000000c12                __udivmodsi4
 .text.libgcc   0x0000000000000c56        0xc /usr/lib/gcc/avr/4.8.1/avr5/libgcc.a(_tablejump.o)
                0x0000000000000c56                __tablejump2__
                0x0000000000000c5a                __tablejump__
 .text.avr-libc
                0x0000000000000c62       0x16 /usr/lib/gcc/avr/4.8.1/../../../avr/lib/avr5/libc.a(strcat.o)
                0x0000000000000c62                strcat
 .text.avr-libc
                0x0000000000000c78       0x12 /usr/lib/gcc/avr/4.8.1/../../../avr/lib/avr5/libc.a(strcmp.o)
                0x0000000000000c78                strcmp
                0x0000000000000c8a                . = ALIGN (0x2)
 *(.fini9)
 .fini9         0x0000000000000c8a        0x0 /usr/lib/gcc/avr/4.8.1/avr5/libgcc.a(_exit.o)
                0x0000000000000c8a                exit
                0x0000000000000c8a                _exit
 *(.fini9)
 *(.fini8)
 *(.fini8)
 *(.fini7)
 *(.fini7)
 *(.fini6)
 .fini6         0x0000000000000c8a       0x14 /usr/lib/gcc/avr/4.8.1/avr5/libgcc.a(_dtors.o)
                0x0000000000000c8a                __do_global_dtors
 *(.fini6)
 *(.fini5)
 *(.fini5)
 *(.fini4)
 *(.fini4)
 *(.fini3)
 *(.fini3)
 *(.fini2)
 *(.fini2)
 *(.fini1)
 *(.fini1)
 *(.fini0)
 .fini0         0x0000000000000c9e        0x4 /usr/lib/gcc/avr/4.8.1/avr5/libgcc.a(_exit.o)
 *(.fini0)
                0x0000000000000ca2                _etext = .

.data           0x0000000000800100       0x5a load address 0x0000000000000ca2
                0x0000000000800100                PROVIDE (__data_start, .)
 *(.data)
 .data          0x0000000000800100        0x0 /usr/lib/gcc/avr/4.8.1/../../../avr/lib/avr5/crtm328p.o
 .data          0x0000000000800100        0x0 ./arduino/arduino_libs/CDC.o
 .data          0x0000000000800100        0x0 ./arduino/arduino_libs/HID.o
 .data          0x0000000000800100        0x0 ./arduino/arduino_libs/HardwareSerial.o
 .data          0x0000000000800100        0x0 ./arduino/arduino_libs/IPAddress.o
 .data          0x0000000000800100        0x0 ./arduino/arduino_libs/Print.o
 .data          0x0000000000800100        0x0 ./arduino/arduino_libs/Stream.o
 .data          0x0000000000800100        0x0 ./arduino/arduino_libs/Tone.o
 .data          0x0000000000800100        0x0 ./arduino/arduino_libs/USBCore.o
 .data          0x0000000000800100        0x0 ./arduino/arduino_libs/WInterrupts.o
 .data          0x0000000000800100        0x0 ./arduino/arduino_libs/WMath.o
 .data          0x0000000000800100        0x0 ./arduino/arduino_libs/WString.o
 .data          0x0000000000800100        0x0 ./arduino/arduino_libs/main.o
 .data          0x0000000000800100        0x0 ./arduino/arduino_libs/new.o
 .data          0x0000000000800100        0x0 ./arduino/arduino_libs/wiring.o
 .data          0x0000000000800100        0x0 ./arduino/arduino_libs/wiring_analog.o
 .data          0x0000000000800100        0x0 ./arduino/arduino_libs/wiring_digital.o
 .data          0x0000000000800100        0x0 ./arduino/arduino_libs/wiring_pulse.o
 .data          0x0000000000800100        0x0 ./arduino/arduino_libs/wiring_shift.o
 .data          0x0000000000800100        0x0 ./arduino/SerialTerminal.o
 .data          0x0000000000800100        0x0 ./arduino/test.o
 .data          0x0000000000800100        0x0 /usr/lib/gcc/avr/4.8.1/avr5/libgcc.a(_mulsi3.o)
 .data          0x0000000000800100        0x0 /usr/lib/gcc/avr/4.8.1/avr5/libgcc.a(_udivmodsi4.o)
 .data          0x0000000000800100        0x0 /usr/lib/gcc/avr/4.8.1/avr5/libgcc.a(_divmodsi4.o)
 .data          0x0000000000800100        0x0 /usr/lib/gcc/avr/4.8.1/avr5/libgcc.a(_negsi2.o)
 .data          0x0000000000800100        0x0 /usr/lib/gcc/avr/4.8.1/avr5/libgcc.a(_exit.o)
 .data          0x0000000000800100        0x0 /usr/lib/gcc/avr/4.8.1/avr5/libgcc.a(_copy_data.o)
 .data          0x0000000000800100        0x0 /usr/lib/gcc/avr/4.8.1/avr5/libgcc.a(_clear_bss.o)
 .data          0x0000000000800100        0x0 /usr/lib/gcc/avr/4.8.1/avr5/libgcc.a(_ctors.o)
 .data          0x0000000000800100        0x0 /usr/lib/gcc/avr/4.8.1/avr5/libgcc.a(_dtors.o)
 .data          0x0000000000800100        0x0 /usr/lib/gcc/avr/4.8.1/avr5/libgcc.a(_muluhisi3.o)
 .data          0x0000000000800100        0x0 /usr/lib/gcc/avr/4.8.1/avr5/libgcc.a(_tablejump.o)
 .data          0x0000000000800100        0x0 /usr/lib/gcc/avr/4.8.1/avr5/libgcc.a(_umulhisi3.o)
 .data          0x0000000000800100        0x0 /usr/lib/gcc/avr/4.8.1/../../../avr/lib/avr5/libm.a(addsf3.o)
 .data          0x0000000000800100        0x0 /usr/lib/gcc/avr/4.8.1/../../../avr/lib/avr5/libm.a(addsf3x.o)
 .data          0x0000000000800100        0x0 /usr/lib/gcc/avr/4.8.1/../../../avr/lib/avr5/libm.a(cmpsf2.o)
 .data          0x0000000000800100        0x0 /usr/lib/gcc/avr/4.8.1/../../../avr/lib/avr5/libm.a(divsf3.o)
 .data          0x0000000000800100        0x0 /usr/lib/gcc/avr/4.8.1/../../../avr/lib/avr5/libm.a(divsf3x.o)
 .data          0x0000000000800100        0x0 /usr/lib/gcc/avr/4.8.1/../../../avr/lib/avr5/libm.a(fixsfsi.o)
 .data          0x0000000000800100        0x0 /usr/lib/gcc/avr/4.8.1/../../../avr/lib/avr5/libm.a(fixunssfsi.o)
 .data          0x0000000000800100        0x0 /usr/lib/gcc/avr/4.8.1/../../../avr/lib/avr5/libm.a(floatsisf.o)
 .data          0x0000000000800100        0x0 /usr/lib/gcc/avr/4.8.1/../../../avr/lib/avr5/libm.a(fp_cmp.o)
 .data          0x0000000000800100        0x0 /usr/lib/gcc/avr/4.8.1/../../../avr/lib/avr5/libm.a(fp_inf.o)
 .data          0x0000000000800100        0x0 /usr/lib/gcc/avr/4.8.1/../../../avr/lib/avr5/libm.a(fp_nan.o)
 .data          0x0000000000800100        0x0 /usr/lib/gcc/avr/4.8.1/../../../avr/lib/avr5/libm.a(fp_pscA.o)
 .data          0x0000000000800100        0x0 /usr/lib/gcc/avr/4.8.1/../../../avr/lib/avr5/libm.a(fp_pscB.o)
 .data          0x0000000000800100        0x0 /usr/lib/gcc/avr/4.8.1/../../../avr/lib/avr5/libm.a(fp_round.o)
 .data          0x0000000000800100        0x0 /usr/lib/gcc/avr/4.8.1/../../../avr/lib/avr5/libm.a(fp_split3.o)
 .data          0x0000000000800100        0x0 /usr/lib/gcc/avr/4.8.1/../../../avr/lib/avr5/libm.a(fp_zero.o)
 .data          0x0000000000800100        0x0 /usr/lib/gcc/avr/4.8.1/../../../avr/lib/avr5/libm.a(gesf2.o)
 .data          0x0000000000800100        0x0 /usr/lib/gcc/avr/4.8.1/../../../avr/lib/avr5/libm.a(mulsf3.o)
 .data          0x0000000000800100        0x0 /usr/lib/gcc/avr/4.8.1/../../../avr/lib/avr5/libm.a(mulsf3x.o)
 .data          0x0000000000800100        0x0 /usr/lib/gcc/avr/4.8.1/../../../avr/lib/avr5/libm.a(unordsf2.o)
 .data          0x0000000000800100        0x6 /usr/lib/gcc/avr/4.8.1/../../../avr/lib/avr5/libc.a(malloc.o)
                0x0000000000800100                __malloc_heap_end
                0x0000000000800102                __malloc_heap_start
                0x0000000000800104                __malloc_margin
 .data          0x0000000000800106        0x4 /usr/lib/gcc/avr/4.8.1/../../../avr/lib/avr5/libc.a(random.o)
 .data          0x000000000080010a        0x0 /usr/lib/gcc/avr/4.8.1/../../../avr/lib/avr5/libc.a(realloc.o)
 .data          0x000000000080010a        0x0 /usr/lib/gcc/avr/4.8.1/../../../avr/lib/avr5/libc.a(atol.o)
 .data          0x000000000080010a        0x0 /usr/lib/gcc/avr/4.8.1/../../../avr/lib/avr5/libc.a(isspace.o)
 .data          0x000000000080010a        0x0 /usr/lib/gcc/avr/4.8.1/../../../avr/lib/avr5/libc.a(tolower.o)
 .data          0x000000000080010a        0x0 /usr/lib/gcc/avr/4.8.1/../../../avr/lib/avr5/libc.a(toupper.o)
 .data          0x000000000080010a        0x0 /usr/lib/gcc/avr/4.8.1/../../../avr/lib/avr5/libc.a(memcmp.o)
 .data          0x000000000080010a        0x0 /usr/lib/gcc/avr/4.8.1/../../../avr/lib/avr5/libc.a(memcpy.o)
 .data          0x000000000080010a        0x0 /usr/lib/gcc/avr/4.8.1/../../../avr/lib/avr5/libc.a(memmove.o)
 .data          0x000000000080010a        0x0 /usr/lib/gcc/avr/4.8.1/../../../avr/lib/avr5/libc.a(strcat.o)
 .data          0x000000000080010a        0x0 /usr/lib/gcc/avr/4.8.1/../../../avr/lib/avr5/libc.a(strchr.o)
 .data          0x000000000080010a        0x0 /usr/lib/gcc/avr/4.8.1/../../../avr/lib/avr5/libc.a(strcmp.o)
 .data          0x000000000080010a        0x0 /usr/lib/gcc/avr/4.8.1/../../../avr/lib/avr5/libc.a(strcpy.o)
 .data          0x000000000080010a        0x0 /usr/lib/gcc/avr/4.8.1/../../../avr/lib/avr5/libc.a(strncmp.o)
 .data          0x000000000080010a        0x0 /usr/lib/gcc/avr/4.8.1/../../../avr/lib/avr5/libc.a(strncpy.o)
 .data          0x000000000080010a        0x0 /usr/lib/gcc/avr/4.8.1/../../../avr/lib/avr5/libc.a(strrchr.o)
 .data          0x000000000080010a        0x0 /usr/lib/gcc/avr/4.8.1/../../../avr/lib/avr5/libc.a(strstr.o)
 .data          0x000000000080010a        0x0 /usr/lib/gcc/avr/4.8.1/../../../avr/lib/avr5/libc.a(itoa.o)
 .data          0x000000000080010a        0x0 /usr/lib/gcc/avr/4.8.1/../../../avr/lib/avr5/libc.a(itoa_ncheck.o)
 .data          0x000000000080010a        0x0 /usr/lib/gcc/avr/4.8.1/../../../avr/lib/avr5/libc.a(ltoa.o)
 .data          0x000000000080010a        0x0 /usr/lib/gcc/avr/4.8.1/../../../avr/lib/avr5/libc.a(ltoa_ncheck.o)
 .data          0x000000000080010a        0x0 /usr/lib/gcc/avr/4.8.1/../../../avr/lib/avr5/libc.a(mulsi10.o)
 .data          0x000000000080010a        0x0 /usr/lib/gcc/avr/4.8.1/../../../avr/lib/avr5/libc.a(ultoa.o)
 .data          0x000000000080010a        0x0 /usr/lib/gcc/avr/4.8.1/../../../avr/lib/avr5/libc.a(ultoa_ncheck.o)
 .data          0x000000000080010a        0x0 /usr/lib/gcc/avr/4.8.1/../../../avr/lib/avr5/libc.a(utoa.o)
 .data          0x000000000080010a        0x0 /usr/lib/gcc/avr/4.8.1/../../../avr/lib/avr5/libc.a(utoa_ncheck.o)
 .data          0x000000000080010a        0x0 /usr/lib/gcc/avr/4.8.1/../../../avr/lib/avr5/libc.a(cty_isfalse.o)
 .data          0x000000000080010a        0x0 /usr/lib/gcc/avr/4.8.1/../../../avr/lib/avr5/libc.a(strrev.o)
 .data          0x000000000080010a        0x0 /usr/lib/gcc/avr/4.8.1/avr5/libgcc.a(_mulshisi3.o)
 .data          0x000000000080010a        0x0 /usr/lib/gcc/avr/4.8.1/avr5/libgcc.a(_prologue.o)
 .data          0x000000000080010a        0x0 /usr/lib/gcc/avr/4.8.1/avr5/libgcc.a(_epilogue.o)
 *(.data*)
 .data._ZL9tone_pins
                0x000000000080010a        0x1 ./arduino/arduino_libs/Tone.o
 *(.rodata)
 *(.rodata*)
 .rodata._ZTV14HardwareSerial
                0x000000000080010b       0x10 ./arduino/arduino_libs/HardwareSerial.o
                0x000000000080010b                _ZTV14HardwareSerial
 .rodata._ZTV9IPAddress
                0x000000000080011b        0x6 ./arduino/arduino_libs/IPAddress.o
                0x000000000080011b                _ZTV9IPAddress
 .rodata.str1.1
                0x0000000000800121       0x38 ./arduino/SerialTerminal.o
 *(.gnu.linkonce.d*)
                0x000000000080015a                . = ALIGN (0x2)
 *fill*         0x0000000000800159        0x1 
                0x000000000080015a                _edata = .
                0x000000000080015a                PROVIDE (__data_end, .)

.bss            0x000000000080015a      0x1c6
                0x000000000080015a                PROVIDE (__bss_start, .)
 *(.bss)
 *(.bss*)
 .bss.Serial    0x000000000080015a       0x22 ./arduino/arduino_libs/HardwareSerial.o
                0x000000000080015a                Serial
 .bss.tx_buffer
                0x000000000080017c       0x44 ./arduino/arduino_libs/HardwareSerial.o
                0x000000000080017c                tx_buffer
 .bss.rx_buffer
                0x00000000008001c0       0x44 ./arduino/arduino_libs/HardwareSerial.o
                0x00000000008001c0                rx_buffer
 .bss._ZL11INADDR_NONE
                0x0000000000800204        0x6 ./arduino/arduino_libs/IPAddress.o
 .bss.timer2_pin_mask
                0x000000000080020a        0x1 ./arduino/arduino_libs/Tone.o
                0x000000000080020a                timer2_pin_mask
 .bss.timer2_pin_port
                0x000000000080020b        0x2 ./arduino/arduino_libs/Tone.o
                0x000000000080020b                timer2_pin_port
 .bss.timer2_toggle_count
                0x000000000080020d        0x4 ./arduino/arduino_libs/Tone.o
                0x000000000080020d                timer2_toggle_count
 .bss.intFunc   0x0000000000800211        0x4 ./arduino/arduino_libs/WInterrupts.o
 .bss.timer0_fract
                0x0000000000800215        0x1 ./arduino/arduino_libs/wiring.o
 .bss.timer0_millis
                0x0000000000800216        0x4 ./arduino/arduino_libs/wiring.o
                0x0000000000800216                timer0_millis
 .bss.timer0_overflow_count
                0x000000000080021a        0x4 ./arduino/arduino_libs/wiring.o
                0x000000000080021a                timer0_overflow_count
 .bss.Terminal  0x000000000080021e      0x102 ./arduino/test.o
                0x000000000080021e                Terminal
 *(COMMON)
                0x0000000000800320                PROVIDE (__bss_end, .)
                0x0000000000000ca2                __data_load_start = LOADADDR (.data)
                0x0000000000000cfc                __data_load_end = (__data_load_start + SIZEOF (.data))

.noinit         0x0000000000800320        0x0
                0x0000000000800320                PROVIDE (__noinit_start, .)
 *(.noinit*)
                0x0000000000800320                PROVIDE (__noinit_end, .)
                0x0000000000800320                _end = .
                0x0000000000800320                PROVIDE (__heap_start, .)

.eeprom         0x0000000000810000        0x0
 *(.eeprom*)
                0x0000000000810000                __eeprom_end = .

.fuse
 *(.fuse)
 *(.lfuse)
 *(.hfuse)
 *(.efuse)

.lock
 *(.lock*)

.signature
 *(.signature*)

.user_signatures
 *(.user_signatures*)

.stab
 *(.stab)

.stabstr
 *(.stabstr)

.stab.excl
 *(.stab.excl)

.stab.exclstr
 *(.stab.exclstr)

.stab.index
 *(.stab.index)

.stab.indexstr
 *(.stab.indexstr)

.comment        0x0000000000000000       0x11
 *(.comment)
 .comment       0x0000000000000000       0x11 ./arduino/arduino_libs/CDC.o
                                         0x12 (size before relaxing)
 .comment       0x0000000000000000       0x12 ./arduino/arduino_libs/HID.o
 .comment       0x0000000000000000       0x12 ./arduino/arduino_libs/HardwareSerial.o
 .comment       0x0000000000000000       0x12 ./arduino/arduino_libs/IPAddress.o
 .comment       0x0000000000000000       0x12 ./arduino/arduino_libs/Print.o
 .comment       0x0000000000000000       0x12 ./arduino/arduino_libs/Stream.o
 .comment       0x0000000000000000       0x12 ./arduino/arduino_libs/Tone.o
 .comment       0x0000000000000000       0x12 ./arduino/arduino_libs/USBCore.o
 .comment       0x0000000000000000       0x12 ./arduino/arduino_libs/WInterrupts.o
 .comment       0x0000000000000000       0x12 ./arduino/arduino_libs/WMath.o
 .comment       0x0000000000000000       0x12 ./arduino/arduino_libs/WString.o
 .comment       0x0000000000000000       0x12 ./arduino/arduino_libs/main.o
 .comment       0x0000000000000000       0x12 ./arduino/arduino_libs/new.o
 .comment       0x0000000000000000       0x12 ./arduino/arduino_libs/wiring.o
 .comment       0x0000000000000000       0x12 ./arduino/arduino_libs/wiring_analog.o
 .comment       0x0000000000000000       0x12 ./arduino/arduino_libs/wiring_digital.o
 .comment       0x0000000000000000       0x12 ./arduino/arduino_libs/wiring_pulse.o
 .comment       0x0000000000000000       0x12 ./arduino/arduino_libs/wiring_shift.o
 .comment       0x0000000000000000       0x12 ./arduino/SerialTerminal.o
 .comment       0x0000000000000000       0x12 ./arduino/test.o
 .comment       0x0000000000000000       0x12 /usr/lib/gcc/avr/4.8.1/../../../avr/lib/avr5/libc.a(malloc.o)
 .comment       0x0000000000000000       0x12 /usr/lib/gcc/avr/4.8.1/../../../avr/lib/avr5/libc.a(random.o)
 .comment       0x0000000000000000       0x12 /usr/lib/gcc/avr/4.8.1/../../../avr/lib/avr5/libc.a(realloc.o)

.note.gnu.build-id
 *(.note.gnu.build-id)

.debug
 *(.debug)

.line
 *(.line)

.debug_srcinfo
 *(.debug_srcinfo)

.debug_sfnames
 *(.debug_sfnames)

.debug_aranges
 *(.debug_aranges)

.debug_pubnames
 *(.debug_pubnames)

.debug_info
 *(.debug_info .gnu.linkonce.wi.*)

.debug_abbrev
 *(.debug_abbrev)

.debug_line
 *(.debug_line .debug_line.* .debug_line_end)

.debug_frame
 *(.debug_frame)

.debug_str
 *(.debug_str)

.debug_loc
 *(.debug_loc)

.debug_macinfo
 *(.debug_macinfo)

.debug_weaknames
 *(.debug_weaknames)

.debug_funcnames
 *(.debug_funcnames)

.debug_typenames
 *(.debug_typenames)

.debug_varnames
 *(.debug_varnames)

.debug_pubtypes
 *(.debug_pubtypes)

.debug_ranges
 *(.debug_ranges)

.debug_macro
 *(.debug_macro)
OUTPUT(ArduinoNano_Console.elf elf32-avr)
LOAD linker stubs

Cross Reference Table

Symbol                                            File
HardwareSerial::HardwareSerial(ring_buffer*, ring_buffer*, unsigned char volatile*, unsigned char volatile*, unsigned char volatile*, unsigned char volatile*, unsigned char volatile*, unsigned char volatile*, unsigned char, unsigned char, unsigned char, unsigned char, unsigned char) ./arduino/arduino_libs/HardwareSerial.o
HardwareSerial::HardwareSerial(ring_buffer*, ring_buffer*, unsigned char volatile*, unsigned char volatile*, unsigned char volatile*, unsigned char volatile*, unsigned char volatile*, unsigned char volatile*, unsigned char, unsigned char, unsigned char, unsigned char, unsigned char) ./arduino/arduino_libs/HardwareSerial.o
HardwareSerial::available()                       ./arduino/arduino_libs/HardwareSerial.o
HardwareSerial::begin(unsigned long)              ./arduino/arduino_libs/HardwareSerial.o
                                                  ./arduino/SerialTerminal.o
HardwareSerial::begin(unsigned long, unsigned char) ./arduino/arduino_libs/HardwareSerial.o
HardwareSerial::end()                             ./arduino/arduino_libs/HardwareSerial.o
HardwareSerial::flush()                           ./arduino/arduino_libs/HardwareSerial.o
HardwareSerial::operator bool()                   ./arduino/arduino_libs/HardwareSerial.o
HardwareSerial::peek()                            ./arduino/arduino_libs/HardwareSerial.o
HardwareSerial::read()                            ./arduino/arduino_libs/HardwareSerial.o
                                                  ./arduino/SerialTerminal.o
HardwareSerial::write(unsigned char)              ./arduino/arduino_libs/HardwareSerial.o
IPAddress::IPAddress()                            ./arduino/arduino_libs/IPAddress.o
IPAddress::IPAddress()                            ./arduino/arduino_libs/IPAddress.o
IPAddress::IPAddress(unsigned char const*)        ./arduino/arduino_libs/IPAddress.o
IPAddress::IPAddress(unsigned char const*)        ./arduino/arduino_libs/IPAddress.o
IPAddress::IPAddress(unsigned char, unsigned char, unsigned char, unsigned char) ./arduino/arduino_libs/IPAddress.o
IPAddress::IPAddress(unsigned char, unsigned char, unsigned char, unsigned char) ./arduino/arduino_libs/IPAddress.o
IPAddress::IPAddress(unsigned long)               ./arduino/arduino_libs/IPAddress.o
IPAddress::IPAddress(unsigned long)               ./arduino/arduino_libs/IPAddress.o
IPAddress::operator=(unsigned char const*)        ./arduino/arduino_libs/IPAddress.o
IPAddress::operator=(unsigned long)               ./arduino/arduino_libs/IPAddress.o
IPAddress::operator==(unsigned char const*)       ./arduino/arduino_libs/IPAddress.o
IPAddress::printTo(Print&) const                  ./arduino/arduino_libs/IPAddress.o
Print::print(Printable const&)                    ./arduino/arduino_libs/Print.o
Print::print(String const&)                       ./arduino/arduino_libs/Print.o
Print::print(__FlashStringHelper const*)          ./arduino/arduino_libs/Print.o
Print::print(char const*)                         ./arduino/arduino_libs/Print.o
                                                  ./arduino/SerialTerminal.o
Print::print(char)                                ./arduino/arduino_libs/Print.o
                                                  ./arduino/arduino_libs/IPAddress.o
Print::print(double, int)                         ./arduino/arduino_libs/Print.o
Print::print(int, int)                            ./arduino/arduino_libs/Print.o
Print::print(long, int)                           ./arduino/arduino_libs/Print.o
Print::print(unsigned char, int)                  ./arduino/arduino_libs/Print.o
                                                  ./arduino/arduino_libs/IPAddress.o
Print::print(unsigned int, int)                   ./arduino/arduino_libs/Print.o
Print::print(unsigned long, int)                  ./arduino/arduino_libs/Print.o
Print::printFloat(double, unsigned char)          ./arduino/arduino_libs/Print.o
Print::printNumber(unsigned long, unsigned char)  ./arduino/arduino_libs/Print.o
Print::println()                                  ./arduino/arduino_libs/Print.o
Print::println(Printable const&)                  ./arduino/arduino_libs/Print.o
Print::println(String const&)                     ./arduino/arduino_libs/Print.o
Print::println(__FlashStringHelper const*)        ./arduino/arduino_libs/Print.o
Print::println(char const*)                       ./arduino/arduino_libs/Print.o
                                                  ./arduino/SerialTerminal.o
Print::println(char)                              ./arduino/arduino_libs/Print.o
Print::println(double, int)                       ./arduino/arduino_libs/Print.o
Print::println(int, int)                          ./arduino/arduino_libs/Print.o
Print::println(long, int)                         ./arduino/arduino_libs/Print.o
Print::println(unsigned char, int)                ./arduino/arduino_libs/Print.o
Print::println(unsigned int, int)                 ./arduino/arduino_libs/Print.o
Print::println(unsigned long, int)                ./arduino/arduino_libs/Print.o
Print::write(char const*)                         ./arduino/arduino_libs/Print.o
Print::write(unsigned char const*, unsigned int)  ./arduino/arduino_libs/Print.o
                                                  ./arduino/arduino_libs/HardwareSerial.o
Serial                                            ./arduino/arduino_libs/HardwareSerial.o
                                                  ./arduino/SerialTerminal.o
SerialTerminal::SerialTerminal()                  ./arduino/SerialTerminal.o
                                                  ./arduino/test.o
SerialTerminal::SerialTerminal()                  ./arduino/SerialTerminal.o
SerialTerminal::executeCmd()                      ./arduino/SerialTerminal.o
                                                  ./arduino/test.o
SerialTerminal::init()                            ./arduino/SerialTerminal.o
                                                  ./arduino/test.o
SerialTerminal::processReadedSign(char)           ./arduino/SerialTerminal.o
SerialTerminal::readInput()                       ./arduino/SerialTerminal.o
                                                  ./arduino/test.o
SerialTerminal::~SerialTerminal()                 ./arduino/SerialTerminal.o
                                                  ./arduino/test.o
SerialTerminal::~SerialTerminal()                 ./arduino/SerialTerminal.o
Stream::find(char*)                               ./arduino/arduino_libs/Stream.o
Stream::find(char*, unsigned int)                 ./arduino/arduino_libs/Stream.o
Stream::findUntil(char*, char*)                   ./arduino/arduino_libs/Stream.o
Stream::findUntil(char*, unsigned int, char*, unsigned int) ./arduino/arduino_libs/Stream.o
Stream::parseFloat()                              ./arduino/arduino_libs/Stream.o
Stream::parseFloat(char)                          ./arduino/arduino_libs/Stream.o
Stream::parseInt()                                ./arduino/arduino_libs/Stream.o
Stream::parseInt(char)                            ./arduino/arduino_libs/Stream.o
Stream::peekNextDigit()                           ./arduino/arduino_libs/Stream.o
Stream::readBytes(char*, unsigned int)            ./arduino/arduino_libs/Stream.o
Stream::readBytesUntil(char, char*, unsigned int) ./arduino/arduino_libs/Stream.o
Stream::readString()                              ./arduino/arduino_libs/Stream.o
Stream::readStringUntil(char)                     ./arduino/arduino_libs/Stream.o
Stream::setTimeout(unsigned long)                 ./arduino/arduino_libs/Stream.o
Stream::timedPeek()                               ./arduino/arduino_libs/Stream.o
Stream::timedRead()                               ./arduino/arduino_libs/Stream.o
String::String(String const&)                     ./arduino/arduino_libs/WString.o
String::String(String const&)                     ./arduino/arduino_libs/WString.o
String::String(char const*)                       ./arduino/arduino_libs/WString.o
                                                  ./arduino/arduino_libs/Stream.o
String::String(char const*)                       ./arduino/arduino_libs/WString.o
String::String(char)                              ./arduino/arduino_libs/WString.o
String::String(char)                              ./arduino/arduino_libs/WString.o
String::String(int, unsigned char)                ./arduino/arduino_libs/WString.o
String::String(int, unsigned char)                ./arduino/arduino_libs/WString.o
String::String(long, unsigned char)               ./arduino/arduino_libs/WString.o
String::String(long, unsigned char)               ./arduino/arduino_libs/WString.o
String::String(unsigned char, unsigned char)      ./arduino/arduino_libs/WString.o
String::String(unsigned char, unsigned char)      ./arduino/arduino_libs/WString.o
String::String(unsigned int, unsigned char)       ./arduino/arduino_libs/WString.o
String::String(unsigned int, unsigned char)       ./arduino/arduino_libs/WString.o
String::String(unsigned long, unsigned char)      ./arduino/arduino_libs/WString.o
String::String(unsigned long, unsigned char)      ./arduino/arduino_libs/WString.o
String::changeBuffer(unsigned int)                ./arduino/arduino_libs/WString.o
String::charAt(unsigned int) const                ./arduino/arduino_libs/WString.o
String::compareTo(String const&) const            ./arduino/arduino_libs/WString.o
String::concat(String const&)                     ./arduino/arduino_libs/WString.o
String::concat(char const*)                       ./arduino/arduino_libs/WString.o
String::concat(char const*, unsigned int)         ./arduino/arduino_libs/WString.o
String::concat(char)                              ./arduino/arduino_libs/WString.o
                                                  ./arduino/arduino_libs/Stream.o
String::concat(int)                               ./arduino/arduino_libs/WString.o
String::concat(long)                              ./arduino/arduino_libs/WString.o
String::concat(unsigned char)                     ./arduino/arduino_libs/WString.o
String::concat(unsigned int)                      ./arduino/arduino_libs/WString.o
String::concat(unsigned long)                     ./arduino/arduino_libs/WString.o
String::copy(char const*, unsigned int)           ./arduino/arduino_libs/WString.o
String::endsWith(String const&) const             ./arduino/arduino_libs/WString.o
String::equals(String const&) const               ./arduino/arduino_libs/WString.o
String::equals(char const*) const                 ./arduino/arduino_libs/WString.o
String::equalsIgnoreCase(String const&) const     ./arduino/arduino_libs/WString.o
String::getBytes(unsigned char*, unsigned int, unsigned int) const ./arduino/arduino_libs/WString.o
String::indexOf(String const&) const              ./arduino/arduino_libs/WString.o
String::indexOf(String const&, unsigned int) const ./arduino/arduino_libs/WString.o
String::indexOf(char) const                       ./arduino/arduino_libs/WString.o
String::indexOf(char, unsigned int) const         ./arduino/arduino_libs/WString.o
String::invalidate()                              ./arduino/arduino_libs/WString.o
String::lastIndexOf(String const&) const          ./arduino/arduino_libs/WString.o
String::lastIndexOf(String const&, unsigned int) const ./arduino/arduino_libs/WString.o
String::lastIndexOf(char) const                   ./arduino/arduino_libs/WString.o
String::lastIndexOf(char, unsigned int) const     ./arduino/arduino_libs/WString.o
String::operator<(String const&) const            ./arduino/arduino_libs/WString.o
String::operator<=(String const&) const           ./arduino/arduino_libs/WString.o
String::operator=(String const&)                  ./arduino/arduino_libs/WString.o
String::operator=(char const*)                    ./arduino/arduino_libs/WString.o
String::operator>(String const&) const            ./arduino/arduino_libs/WString.o
String::operator>=(String const&) const           ./arduino/arduino_libs/WString.o
String::operator[](unsigned int)                  ./arduino/arduino_libs/WString.o
String::operator[](unsigned int) const            ./arduino/arduino_libs/WString.o
                                                  ./arduino/arduino_libs/Print.o
String::replace(String const&, String const&)     ./arduino/arduino_libs/WString.o
String::replace(char, char)                       ./arduino/arduino_libs/WString.o
String::reserve(unsigned int)                     ./arduino/arduino_libs/WString.o
String::setCharAt(unsigned int, char)             ./arduino/arduino_libs/WString.o
String::startsWith(String const&) const           ./arduino/arduino_libs/WString.o
String::startsWith(String const&, unsigned int) const ./arduino/arduino_libs/WString.o
String::substring(unsigned int) const             ./arduino/arduino_libs/WString.o
String::substring(unsigned int, unsigned int) const ./arduino/arduino_libs/WString.o
String::toInt() const                             ./arduino/arduino_libs/WString.o
String::toLowerCase()                             ./arduino/arduino_libs/WString.o
String::toUpperCase()                             ./arduino/arduino_libs/WString.o
String::trim()                                    ./arduino/arduino_libs/WString.o
String::~String()                                 ./arduino/arduino_libs/WString.o
String::~String()                                 ./arduino/arduino_libs/WString.o
Terminal                                          ./arduino/test.o
__addsf3                                          /usr/lib/gcc/avr/4.8.1/../../../avr/lib/avr5/libm.a(addsf3.o)
                                                  ./arduino/arduino_libs/Print.o
__addsf3x                                         /usr/lib/gcc/avr/4.8.1/../../../avr/lib/avr5/libm.a(addsf3x.o)
                                                  /usr/lib/gcc/avr/4.8.1/../../../avr/lib/avr5/libm.a(addsf3.o)
__bad_interrupt                                   /usr/lib/gcc/avr/4.8.1/../../../avr/lib/avr5/crtm328p.o
__brkval                                          /usr/lib/gcc/avr/4.8.1/../../../avr/lib/avr5/libc.a(malloc.o)
                                                  /usr/lib/gcc/avr/4.8.1/../../../avr/lib/avr5/libc.a(realloc.o)
__bss_end                                         /usr/lib/gcc/avr/4.8.1/avr5/libgcc.a(_clear_bss.o)
__bss_start                                       /usr/lib/gcc/avr/4.8.1/avr5/libgcc.a(_clear_bss.o)
__cmpsf2                                          /usr/lib/gcc/avr/4.8.1/../../../avr/lib/avr5/libm.a(cmpsf2.o)
__ctors_end                                       /usr/lib/gcc/avr/4.8.1/avr5/libgcc.a(_ctors.o)
__ctors_start                                     /usr/lib/gcc/avr/4.8.1/avr5/libgcc.a(_ctors.o)
__ctype_isfalse                                   /usr/lib/gcc/avr/4.8.1/../../../avr/lib/avr5/libc.a(cty_isfalse.o)
                                                  /usr/lib/gcc/avr/4.8.1/../../../avr/lib/avr5/libc.a(isspace.o)
__ctype_istrue                                    /usr/lib/gcc/avr/4.8.1/../../../avr/lib/avr5/libc.a(cty_isfalse.o)
__cxa_guard_abort                                 ./arduino/arduino_libs/new.o
__cxa_guard_acquire                               ./arduino/arduino_libs/new.o
__cxa_guard_release                               ./arduino/arduino_libs/new.o
__cxa_pure_virtual                                ./arduino/arduino_libs/new.o
                                                  ./arduino/arduino_libs/Print.o
                                                  ./arduino/arduino_libs/IPAddress.o
                                                  ./arduino/arduino_libs/HardwareSerial.o
__data_end                                        /usr/lib/gcc/avr/4.8.1/avr5/libgcc.a(_copy_data.o)
__data_load_start                                 /usr/lib/gcc/avr/4.8.1/avr5/libgcc.a(_copy_data.o)
__data_start                                      /usr/lib/gcc/avr/4.8.1/avr5/libgcc.a(_copy_data.o)
__divmodsi4                                       /usr/lib/gcc/avr/4.8.1/avr5/libgcc.a(_divmodsi4.o)
                                                  /usr/lib/gcc/avr/4.8.1/../../../avr/lib/avr5/libc.a(random.o)
                                                  ./arduino/arduino_libs/WMath.o
__divsf3                                          /usr/lib/gcc/avr/4.8.1/../../../avr/lib/avr5/libm.a(divsf3.o)
                                                  ./arduino/arduino_libs/Print.o
__divsf3_pse                                      /usr/lib/gcc/avr/4.8.1/../../../avr/lib/avr5/libm.a(divsf3x.o)
__divsf3x                                         /usr/lib/gcc/avr/4.8.1/../../../avr/lib/avr5/libm.a(divsf3x.o)
                                                  /usr/lib/gcc/avr/4.8.1/../../../avr/lib/avr5/libm.a(divsf3.o)
__do_clear_bss                                    /usr/lib/gcc/avr/4.8.1/avr5/libgcc.a(_clear_bss.o)
                                                  /usr/lib/gcc/avr/4.8.1/../../../avr/lib/avr5/libc.a(malloc.o)
                                                  ./arduino/test.o
                                                  ./arduino/arduino_libs/wiring.o
                                                  ./arduino/arduino_libs/WString.o
                                                  ./arduino/arduino_libs/WInterrupts.o
                                                  ./arduino/arduino_libs/Tone.o
                                                  ./arduino/arduino_libs/IPAddress.o
                                                  ./arduino/arduino_libs/HardwareSerial.o
__do_copy_data                                    /usr/lib/gcc/avr/4.8.1/avr5/libgcc.a(_copy_data.o)
                                                  /usr/lib/gcc/avr/4.8.1/../../../avr/lib/avr5/libc.a(random.o)
                                                  /usr/lib/gcc/avr/4.8.1/../../../avr/lib/avr5/libc.a(malloc.o)
                                                  ./arduino/SerialTerminal.o
                                                  ./arduino/arduino_libs/wiring_analog.o
                                                  ./arduino/arduino_libs/WString.o
                                                  ./arduino/arduino_libs/Tone.o
                                                  ./arduino/arduino_libs/Stream.o
                                                  ./arduino/arduino_libs/Print.o
                                                  ./arduino/arduino_libs/IPAddress.o
                                                  ./arduino/arduino_libs/HardwareSerial.o
__do_global_ctors                                 /usr/lib/gcc/avr/4.8.1/avr5/libgcc.a(_ctors.o)
                                                  ./arduino/test.o
                                                  ./arduino/arduino_libs/IPAddress.o
                                                  ./arduino/arduino_libs/HardwareSerial.o
__do_global_dtors                                 /usr/lib/gcc/avr/4.8.1/avr5/libgcc.a(_dtors.o)
                                                  ./arduino/test.o
__dtors_end                                       /usr/lib/gcc/avr/4.8.1/avr5/libgcc.a(_dtors.o)
__dtors_start                                     /usr/lib/gcc/avr/4.8.1/avr5/libgcc.a(_dtors.o)
__epilogue_restores__                             /usr/lib/gcc/avr/4.8.1/avr5/libgcc.a(_epilogue.o)
                                                  /usr/lib/gcc/avr/4.8.1/../../../avr/lib/avr5/libc.a(realloc.o)
__eqsf2                                           /usr/lib/gcc/avr/4.8.1/../../../avr/lib/avr5/libm.a(cmpsf2.o)
__fixsfsi                                         /usr/lib/gcc/avr/4.8.1/../../../avr/lib/avr5/libm.a(fixsfsi.o)
                                                  ./arduino/arduino_libs/Print.o
__fixunssfsi                                      /usr/lib/gcc/avr/4.8.1/../../../avr/lib/avr5/libm.a(fixunssfsi.o)
                                                  /usr/lib/gcc/avr/4.8.1/../../../avr/lib/avr5/libm.a(fixsfsi.o)
                                                  ./arduino/arduino_libs/Print.o
__floatsisf                                       /usr/lib/gcc/avr/4.8.1/../../../avr/lib/avr5/libm.a(floatsisf.o)
                                                  ./arduino/arduino_libs/Stream.o
                                                  ./arduino/arduino_libs/Print.o
__floatunsisf                                     /usr/lib/gcc/avr/4.8.1/../../../avr/lib/avr5/libm.a(floatsisf.o)
                                                  ./arduino/arduino_libs/Print.o
__flp                                             /usr/lib/gcc/avr/4.8.1/../../../avr/lib/avr5/libc.a(malloc.o)
                                                  /usr/lib/gcc/avr/4.8.1/../../../avr/lib/avr5/libc.a(realloc.o)
__fp_cmp                                          /usr/lib/gcc/avr/4.8.1/../../../avr/lib/avr5/libm.a(fp_cmp.o)
                                                  /usr/lib/gcc/avr/4.8.1/../../../avr/lib/avr5/libm.a(unordsf2.o)
                                                  /usr/lib/gcc/avr/4.8.1/../../../avr/lib/avr5/libm.a(gesf2.o)
                                                  /usr/lib/gcc/avr/4.8.1/../../../avr/lib/avr5/libm.a(cmpsf2.o)
__fp_inf                                          /usr/lib/gcc/avr/4.8.1/../../../avr/lib/avr5/libm.a(fp_inf.o)
                                                  /usr/lib/gcc/avr/4.8.1/../../../avr/lib/avr5/libm.a(mulsf3x.o)
                                                  /usr/lib/gcc/avr/4.8.1/../../../avr/lib/avr5/libm.a(divsf3x.o)
                                                  /usr/lib/gcc/avr/4.8.1/../../../avr/lib/avr5/libm.a(addsf3x.o)
__fp_nan                                          /usr/lib/gcc/avr/4.8.1/../../../avr/lib/avr5/libm.a(fp_nan.o)
                                                  /usr/lib/gcc/avr/4.8.1/../../../avr/lib/avr5/libm.a(mulsf3x.o)
                                                  /usr/lib/gcc/avr/4.8.1/../../../avr/lib/avr5/libm.a(divsf3x.o)
                                                  /usr/lib/gcc/avr/4.8.1/../../../avr/lib/avr5/libm.a(addsf3x.o)
__fp_pscA                                         /usr/lib/gcc/avr/4.8.1/../../../avr/lib/avr5/libm.a(fp_pscA.o)
                                                  /usr/lib/gcc/avr/4.8.1/../../../avr/lib/avr5/libm.a(mulsf3x.o)
                                                  /usr/lib/gcc/avr/4.8.1/../../../avr/lib/avr5/libm.a(divsf3x.o)
                                                  /usr/lib/gcc/avr/4.8.1/../../../avr/lib/avr5/libm.a(addsf3x.o)
__fp_pscB                                         /usr/lib/gcc/avr/4.8.1/../../../avr/lib/avr5/libm.a(fp_pscB.o)
                                                  /usr/lib/gcc/avr/4.8.1/../../../avr/lib/avr5/libm.a(mulsf3x.o)
                                                  /usr/lib/gcc/avr/4.8.1/../../../avr/lib/avr5/libm.a(divsf3x.o)
                                                  /usr/lib/gcc/avr/4.8.1/../../../avr/lib/avr5/libm.a(addsf3x.o)
__fp_round                                        /usr/lib/gcc/avr/4.8.1/../../../avr/lib/avr5/libm.a(fp_round.o)
                                                  /usr/lib/gcc/avr/4.8.1/../../../avr/lib/avr5/libm.a(mulsf3.o)
                                                  /usr/lib/gcc/avr/4.8.1/../../../avr/lib/avr5/libm.a(divsf3.o)
                                                  /usr/lib/gcc/avr/4.8.1/../../../avr/lib/avr5/libm.a(addsf3.o)
__fp_split3                                       /usr/lib/gcc/avr/4.8.1/../../../avr/lib/avr5/libm.a(fp_split3.o)
                                                  /usr/lib/gcc/avr/4.8.1/../../../avr/lib/avr5/libm.a(mulsf3x.o)
                                                  /usr/lib/gcc/avr/4.8.1/../../../avr/lib/avr5/libm.a(divsf3x.o)
                                                  /usr/lib/gcc/avr/4.8.1/../../../avr/lib/avr5/libm.a(addsf3x.o)
__fp_splitA                                       /usr/lib/gcc/avr/4.8.1/../../../avr/lib/avr5/libm.a(fp_split3.o)
                                                  /usr/lib/gcc/avr/4.8.1/../../../avr/lib/avr5/libm.a(fixunssfsi.o)
__fp_szero                                        /usr/lib/gcc/avr/4.8.1/../../../avr/lib/avr5/libm.a(fp_zero.o)
                                                  /usr/lib/gcc/avr/4.8.1/../../../avr/lib/avr5/libm.a(mulsf3x.o)
                                                  /usr/lib/gcc/avr/4.8.1/../../../avr/lib/avr5/libm.a(fixsfsi.o)
                                                  /usr/lib/gcc/avr/4.8.1/../../../avr/lib/avr5/libm.a(divsf3x.o)
__fp_zero                                         /usr/lib/gcc/avr/4.8.1/../../../avr/lib/avr5/libm.a(fp_zero.o)
                                                  /usr/lib/gcc/avr/4.8.1/../../../avr/lib/avr5/libm.a(fixunssfsi.o)
                                                  /usr/lib/gcc/avr/4.8.1/../../../avr/lib/avr5/libm.a(addsf3x.o)
__gesf2                                           /usr/lib/gcc/avr/4.8.1/../../../avr/lib/avr5/libm.a(gesf2.o)
__gtsf2                                           /usr/lib/gcc/avr/4.8.1/../../../avr/lib/avr5/libm.a(gesf2.o)
                                                  ./arduino/arduino_libs/Print.o
__heap_end                                        /usr/lib/gcc/avr/4.8.1/../../../avr/lib/avr5/crtm328p.o
                                                  /usr/lib/gcc/avr/4.8.1/../../../avr/lib/avr5/libc.a(malloc.o)
__heap_start                                      /usr/lib/gcc/avr/4.8.1/../../../avr/lib/avr5/libc.a(malloc.o)
__init                                            /usr/lib/gcc/avr/4.8.1/../../../avr/lib/avr5/crtm328p.o
__itoa                                            /usr/lib/gcc/avr/4.8.1/../../../avr/lib/avr5/libc.a(itoa.o)
                                                  ./arduino/arduino_libs/WString.o
__itoa_ncheck                                     /usr/lib/gcc/avr/4.8.1/../../../avr/lib/avr5/libc.a(itoa_ncheck.o)
                                                  /usr/lib/gcc/avr/4.8.1/../../../avr/lib/avr5/libc.a(itoa.o)
__lesf2                                           /usr/lib/gcc/avr/4.8.1/../../../avr/lib/avr5/libm.a(cmpsf2.o)
                                                  ./arduino/arduino_libs/Print.o
__ltoa                                            /usr/lib/gcc/avr/4.8.1/../../../avr/lib/avr5/libc.a(ltoa.o)
                                                  ./arduino/arduino_libs/WString.o
__ltoa_ncheck                                     /usr/lib/gcc/avr/4.8.1/../../../avr/lib/avr5/libc.a(ltoa_ncheck.o)
                                                  /usr/lib/gcc/avr/4.8.1/../../../avr/lib/avr5/libc.a(ltoa.o)
__ltsf2                                           /usr/lib/gcc/avr/4.8.1/../../../avr/lib/avr5/libm.a(cmpsf2.o)
                                                  ./arduino/arduino_libs/Print.o
__malloc_heap_end                                 /usr/lib/gcc/avr/4.8.1/../../../avr/lib/avr5/libc.a(malloc.o)
                                                  /usr/lib/gcc/avr/4.8.1/../../../avr/lib/avr5/libc.a(realloc.o)
__malloc_heap_start                               /usr/lib/gcc/avr/4.8.1/../../../avr/lib/avr5/libc.a(malloc.o)
__malloc_margin                                   /usr/lib/gcc/avr/4.8.1/../../../avr/lib/avr5/libc.a(malloc.o)
                                                  /usr/lib/gcc/avr/4.8.1/../../../avr/lib/avr5/libc.a(realloc.o)
__mulohisi3                                       /usr/lib/gcc/avr/4.8.1/avr5/libgcc.a(_mulshisi3.o)
                                                  /usr/lib/gcc/avr/4.8.1/../../../avr/lib/avr5/libc.a(random.o)
__mulsf3                                          /usr/lib/gcc/avr/4.8.1/../../../avr/lib/avr5/libm.a(mulsf3.o)
                                                  ./arduino/arduino_libs/Stream.o
                                                  ./arduino/arduino_libs/Print.o
__mulsf3_pse                                      /usr/lib/gcc/avr/4.8.1/../../../avr/lib/avr5/libm.a(mulsf3x.o)
__mulsf3x                                         /usr/lib/gcc/avr/4.8.1/../../../avr/lib/avr5/libm.a(mulsf3x.o)
                                                  /usr/lib/gcc/avr/4.8.1/../../../avr/lib/avr5/libm.a(mulsf3.o)
__mulshisi3                                       /usr/lib/gcc/avr/4.8.1/avr5/libgcc.a(_mulshisi3.o)
__mulsi3                                          /usr/lib/gcc/avr/4.8.1/avr5/libgcc.a(_mulsi3.o)
                                                  ./arduino/arduino_libs/WMath.o
__mulsi_const_10                                  /usr/lib/gcc/avr/4.8.1/../../../avr/lib/avr5/libc.a(mulsi10.o)
                                                  /usr/lib/gcc/avr/4.8.1/../../../avr/lib/avr5/libc.a(atol.o)
__muluhisi3                                       /usr/lib/gcc/avr/4.8.1/avr5/libgcc.a(_muluhisi3.o)
                                                  /usr/lib/gcc/avr/4.8.1/avr5/libgcc.a(_mulshisi3.o)
                                                  /usr/lib/gcc/avr/4.8.1/../../../avr/lib/avr5/libc.a(random.o)
                                                  /usr/lib/gcc/avr/4.8.1/avr5/libgcc.a(_mulsi3.o)
                                                  ./arduino/arduino_libs/wiring_pulse.o
                                                  ./arduino/arduino_libs/Tone.o
                                                  ./arduino/arduino_libs/Stream.o
__negsi2                                          /usr/lib/gcc/avr/4.8.1/avr5/libgcc.a(_negsi2.o)
                                                  /usr/lib/gcc/avr/4.8.1/avr5/libgcc.a(_divmodsi4.o)
__nesf2                                           /usr/lib/gcc/avr/4.8.1/../../../avr/lib/avr5/libm.a(cmpsf2.o)
__prologue_saves__                                /usr/lib/gcc/avr/4.8.1/avr5/libgcc.a(_prologue.o)
                                                  /usr/lib/gcc/avr/4.8.1/../../../avr/lib/avr5/libc.a(realloc.o)
__stack                                           /usr/lib/gcc/avr/4.8.1/../../../avr/lib/avr5/crtm328p.o
__subsf3                                          /usr/lib/gcc/avr/4.8.1/../../../avr/lib/avr5/libm.a(addsf3.o)
                                                  ./arduino/arduino_libs/Print.o
__tablejump2__                                    /usr/lib/gcc/avr/4.8.1/avr5/libgcc.a(_tablejump.o)
__tablejump__                                     /usr/lib/gcc/avr/4.8.1/avr5/libgcc.a(_tablejump.o)
                                                  /usr/lib/gcc/avr/4.8.1/avr5/libgcc.a(_dtors.o)
                                                  /usr/lib/gcc/avr/4.8.1/avr5/libgcc.a(_ctors.o)
__udivmodsi4                                      /usr/lib/gcc/avr/4.8.1/avr5/libgcc.a(_udivmodsi4.o)
                                                  /usr/lib/gcc/avr/4.8.1/avr5/libgcc.a(_divmodsi4.o)
                                                  ./arduino/arduino_libs/Tone.o
                                                  ./arduino/arduino_libs/Print.o
                                                  ./arduino/arduino_libs/HardwareSerial.o
__ultoa                                           /usr/lib/gcc/avr/4.8.1/../../../avr/lib/avr5/libc.a(ultoa.o)
                                                  ./arduino/arduino_libs/WString.o
__ultoa_common                                    /usr/lib/gcc/avr/4.8.1/../../../avr/lib/avr5/libc.a(ultoa_ncheck.o)
                                                  /usr/lib/gcc/avr/4.8.1/../../../avr/lib/avr5/libc.a(ltoa_ncheck.o)
__ultoa_ncheck                                    /usr/lib/gcc/avr/4.8.1/../../../avr/lib/avr5/libc.a(ultoa_ncheck.o)
                                                  /usr/lib/gcc/avr/4.8.1/../../../avr/lib/avr5/libc.a(ultoa.o)
__umulhisi3                                       /usr/lib/gcc/avr/4.8.1/avr5/libgcc.a(_umulhisi3.o)
                                                  /usr/lib/gcc/avr/4.8.1/avr5/libgcc.a(_muluhisi3.o)
__unordsf2                                        /usr/lib/gcc/avr/4.8.1/../../../avr/lib/avr5/libm.a(unordsf2.o)
                                                  ./arduino/arduino_libs/Print.o
__utoa                                            /usr/lib/gcc/avr/4.8.1/../../../avr/lib/avr5/libc.a(utoa.o)
                                                  ./arduino/arduino_libs/WString.o
__utoa_common                                     /usr/lib/gcc/avr/4.8.1/../../../avr/lib/avr5/libc.a(utoa_ncheck.o)
                                                  /usr/lib/gcc/avr/4.8.1/../../../avr/lib/avr5/libc.a(itoa_ncheck.o)
__utoa_ncheck                                     /usr/lib/gcc/avr/4.8.1/../../../avr/lib/avr5/libc.a(utoa_ncheck.o)
                                                  /usr/lib/gcc/avr/4.8.1/../../../avr/lib/avr5/libc.a(utoa.o)
__vector_1                                        ./arduino/arduino_libs/WInterrupts.o
                                                  /usr/lib/gcc/avr/4.8.1/../../../avr/lib/avr5/crtm328p.o
__vector_10                                       /usr/lib/gcc/avr/4.8.1/../../../avr/lib/avr5/crtm328p.o
__vector_11                                       /usr/lib/gcc/avr/4.8.1/../../../avr/lib/avr5/crtm328p.o
__vector_12                                       /usr/lib/gcc/avr/4.8.1/../../../avr/lib/avr5/crtm328p.o
__vector_13                                       /usr/lib/gcc/avr/4.8.1/../../../avr/lib/avr5/crtm328p.o
__vector_14                                       /usr/lib/gcc/avr/4.8.1/../../../avr/lib/avr5/crtm328p.o
__vector_15                                       /usr/lib/gcc/avr/4.8.1/../../../avr/lib/avr5/crtm328p.o
__vector_16                                       ./arduino/arduino_libs/wiring.o
                                                  /usr/lib/gcc/avr/4.8.1/../../../avr/lib/avr5/crtm328p.o
__vector_17                                       /usr/lib/gcc/avr/4.8.1/../../../avr/lib/avr5/crtm328p.o
__vector_18                                       ./arduino/arduino_libs/HardwareSerial.o
                                                  /usr/lib/gcc/avr/4.8.1/../../../avr/lib/avr5/crtm328p.o
__vector_19                                       ./arduino/arduino_libs/HardwareSerial.o
                                                  /usr/lib/gcc/avr/4.8.1/../../../avr/lib/avr5/crtm328p.o
__vector_2                                        ./arduino/arduino_libs/WInterrupts.o
                                                  /usr/lib/gcc/avr/4.8.1/../../../avr/lib/avr5/crtm328p.o
__vector_20                                       /usr/lib/gcc/avr/4.8.1/../../../avr/lib/avr5/crtm328p.o
__vector_21                                       /usr/lib/gcc/avr/4.8.1/../../../avr/lib/avr5/crtm328p.o
__vector_22                                       /usr/lib/gcc/avr/4.8.1/../../../avr/lib/avr5/crtm328p.o
__vector_23                                       /usr/lib/gcc/avr/4.8.1/../../../avr/lib/avr5/crtm328p.o
__vector_24                                       /usr/lib/gcc/avr/4.8.1/../../../avr/lib/avr5/crtm328p.o
__vector_25                                       /usr/lib/gcc/avr/4.8.1/../../../avr/lib/avr5/crtm328p.o
__vector_3                                        /usr/lib/gcc/avr/4.8.1/../../../avr/lib/avr5/crtm328p.o
__vector_4                                        /usr/lib/gcc/avr/4.8.1/../../../avr/lib/avr5/crtm328p.o
__vector_5                                        /usr/lib/gcc/avr/4.8.1/../../../avr/lib/avr5/crtm328p.o
__vector_6                                        /usr/lib/gcc/avr/4.8.1/../../../avr/lib/avr5/crtm328p.o
__vector_7                                        ./arduino/arduino_libs/Tone.o
                                                  /usr/lib/gcc/avr/4.8.1/../../../avr/lib/avr5/crtm328p.o
__vector_8                                        /usr/lib/gcc/avr/4.8.1/../../../avr/lib/avr5/crtm328p.o
__vector_9                                        /usr/lib/gcc/avr/4.8.1/../../../avr/lib/avr5/crtm328p.o
__vector_default                                  /usr/lib/gcc/avr/4.8.1/../../../avr/lib/avr5/crtm328p.o
__vectors                                         /usr/lib/gcc/avr/4.8.1/../../../avr/lib/avr5/crtm328p.o
_exit                                             /usr/lib/gcc/avr/4.8.1/avr5/libgcc.a(_exit.o)
analogRead                                        ./arduino/arduino_libs/wiring_analog.o
analogReference                                   ./arduino/arduino_libs/wiring_analog.o
analogWrite                                       ./arduino/arduino_libs/wiring_analog.o
analog_reference                                  ./arduino/arduino_libs/wiring_analog.o
atol                                              /usr/lib/gcc/avr/4.8.1/../../../avr/lib/avr5/libc.a(atol.o)
                                                  ./arduino/arduino_libs/WString.o
attachInterrupt                                   ./arduino/arduino_libs/WInterrupts.o
delay                                             ./arduino/arduino_libs/wiring.o
delayMicroseconds                                 ./arduino/arduino_libs/wiring.o
detachInterrupt                                   ./arduino/arduino_libs/WInterrupts.o
digitalRead                                       ./arduino/arduino_libs/wiring_digital.o
                                                  ./arduino/arduino_libs/wiring_shift.o
digitalWrite                                      ./arduino/arduino_libs/wiring_digital.o
                                                  ./arduino/arduino_libs/wiring_shift.o
                                                  ./arduino/arduino_libs/wiring_analog.o
                                                  ./arduino/arduino_libs/Tone.o
digital_pin_to_bit_mask_PGM                       ./arduino/arduino_libs/wiring_digital.o
                                                  ./arduino/arduino_libs/wiring_pulse.o
                                                  ./arduino/arduino_libs/Tone.o
digital_pin_to_port_PGM                           ./arduino/arduino_libs/wiring_digital.o
                                                  ./arduino/arduino_libs/wiring_pulse.o
                                                  ./arduino/arduino_libs/Tone.o
digital_pin_to_timer_PGM                          ./arduino/arduino_libs/wiring_digital.o
                                                  ./arduino/arduino_libs/wiring_analog.o
disableTimer(unsigned char)                       ./arduino/arduino_libs/Tone.o
exit                                              /usr/lib/gcc/avr/4.8.1/avr5/libgcc.a(_exit.o)
                                                  /usr/lib/gcc/avr/4.8.1/../../../avr/lib/avr5/crtm328p.o
free                                              /usr/lib/gcc/avr/4.8.1/../../../avr/lib/avr5/libc.a(malloc.o)
                                                  /usr/lib/gcc/avr/4.8.1/../../../avr/lib/avr5/libc.a(realloc.o)
                                                  ./arduino/arduino_libs/new.o
                                                  ./arduino/arduino_libs/WString.o
init                                              ./arduino/arduino_libs/wiring.o
                                                  ./arduino/arduino_libs/main.o
isspace                                           /usr/lib/gcc/avr/4.8.1/../../../avr/lib/avr5/libc.a(isspace.o)
                                                  ./arduino/arduino_libs/WString.o
itoa                                              /usr/lib/gcc/avr/4.8.1/../../../avr/lib/avr5/libc.a(itoa.o)
                                                  ./arduino/arduino_libs/WString.o
loop                                              ./arduino/test.o
                                                  ./arduino/arduino_libs/main.o
ltoa                                              /usr/lib/gcc/avr/4.8.1/../../../avr/lib/avr5/libc.a(ltoa.o)
                                                  ./arduino/arduino_libs/WString.o
main                                              ./arduino/arduino_libs/main.o
                                                  /usr/lib/gcc/avr/4.8.1/../../../avr/lib/avr5/crtm328p.o
makeWord(unsigned char, unsigned char)            ./arduino/arduino_libs/WMath.o
makeWord(unsigned int)                            ./arduino/arduino_libs/WMath.o
malloc                                            /usr/lib/gcc/avr/4.8.1/../../../avr/lib/avr5/libc.a(malloc.o)
                                                  /usr/lib/gcc/avr/4.8.1/../../../avr/lib/avr5/libc.a(realloc.o)
                                                  ./arduino/arduino_libs/new.o
map(long, long, long, long, long)                 ./arduino/arduino_libs/WMath.o
memcmp                                            /usr/lib/gcc/avr/4.8.1/../../../avr/lib/avr5/libc.a(memcmp.o)
                                                  ./arduino/arduino_libs/IPAddress.o
memcpy                                            /usr/lib/gcc/avr/4.8.1/../../../avr/lib/avr5/libc.a(memcpy.o)
                                                  /usr/lib/gcc/avr/4.8.1/../../../avr/lib/avr5/libc.a(memmove.o)
                                                  /usr/lib/gcc/avr/4.8.1/../../../avr/lib/avr5/libc.a(realloc.o)
                                                  ./arduino/arduino_libs/WString.o
memmove                                           /usr/lib/gcc/avr/4.8.1/../../../avr/lib/avr5/libc.a(memmove.o)
                                                  ./arduino/arduino_libs/WString.o
micros                                            ./arduino/arduino_libs/wiring.o
millis                                            ./arduino/arduino_libs/wiring.o
                                                  ./arduino/arduino_libs/Stream.o
noTone(unsigned char)                             ./arduino/arduino_libs/Tone.o
operator delete(void*)                            ./arduino/arduino_libs/new.o
operator delete[](void*)                          ./arduino/arduino_libs/new.o
operator new(unsigned int)                        ./arduino/arduino_libs/new.o
operator new[](unsigned int)                      ./arduino/arduino_libs/new.o
operator+(StringSumHelper const&, String const&)  ./arduino/arduino_libs/WString.o
operator+(StringSumHelper const&, char const*)    ./arduino/arduino_libs/WString.o
operator+(StringSumHelper const&, char)           ./arduino/arduino_libs/WString.o
operator+(StringSumHelper const&, int)            ./arduino/arduino_libs/WString.o
operator+(StringSumHelper const&, long)           ./arduino/arduino_libs/WString.o
operator+(StringSumHelper const&, unsigned char)  ./arduino/arduino_libs/WString.o
operator+(StringSumHelper const&, unsigned int)   ./arduino/arduino_libs/WString.o
operator+(StringSumHelper const&, unsigned long)  ./arduino/arduino_libs/WString.o
pinMode                                           ./arduino/arduino_libs/wiring_digital.o
                                                  ./arduino/test.o
                                                  ./arduino/arduino_libs/wiring_analog.o
                                                  ./arduino/arduino_libs/Tone.o
port_to_input_PGM                                 ./arduino/arduino_libs/wiring_digital.o
                                                  ./arduino/arduino_libs/wiring_pulse.o
port_to_mode_PGM                                  ./arduino/arduino_libs/wiring_digital.o
port_to_output_PGM                                ./arduino/arduino_libs/wiring_digital.o
                                                  ./arduino/arduino_libs/Tone.o
pulseIn                                           ./arduino/arduino_libs/wiring_pulse.o
random                                            /usr/lib/gcc/avr/4.8.1/../../../avr/lib/avr5/libc.a(random.o)
                                                  ./arduino/arduino_libs/WMath.o
random(long)                                      ./arduino/arduino_libs/WMath.o
random(long, long)                                ./arduino/arduino_libs/WMath.o
randomSeed(unsigned int)                          ./arduino/arduino_libs/WMath.o
random_r                                          /usr/lib/gcc/avr/4.8.1/../../../avr/lib/avr5/libc.a(random.o)
realloc                                           /usr/lib/gcc/avr/4.8.1/../../../avr/lib/avr5/libc.a(realloc.o)
                                                  ./arduino/arduino_libs/WString.o
rx_buffer                                         ./arduino/arduino_libs/HardwareSerial.o
serialEvent()                                     ./arduino/arduino_libs/HardwareSerial.o
serialEventRun()                                  ./arduino/arduino_libs/HardwareSerial.o
                                                  ./arduino/arduino_libs/main.o
setup                                             ./arduino/test.o
                                                  ./arduino/arduino_libs/main.o
shiftIn                                           ./arduino/arduino_libs/wiring_shift.o
shiftOut                                          ./arduino/arduino_libs/wiring_shift.o
srandom                                           /usr/lib/gcc/avr/4.8.1/../../../avr/lib/avr5/libc.a(random.o)
                                                  ./arduino/arduino_libs/WMath.o
strcat                                            /usr/lib/gcc/avr/4.8.1/../../../avr/lib/avr5/libc.a(strcat.o)
                                                  ./arduino/SerialTerminal.o
strchr                                            /usr/lib/gcc/avr/4.8.1/../../../avr/lib/avr5/libc.a(strchr.o)
                                                  ./arduino/arduino_libs/WString.o
strcmp                                            /usr/lib/gcc/avr/4.8.1/../../../avr/lib/avr5/libc.a(strcmp.o)
                                                  ./arduino/SerialTerminal.o
                                                  ./arduino/arduino_libs/WString.o
strcpy                                            /usr/lib/gcc/avr/4.8.1/../../../avr/lib/avr5/libc.a(strcpy.o)
                                                  ./arduino/arduino_libs/WString.o
strncmp                                           /usr/lib/gcc/avr/4.8.1/../../../avr/lib/avr5/libc.a(strncmp.o)
                                                  ./arduino/arduino_libs/WString.o
strncpy                                           /usr/lib/gcc/avr/4.8.1/../../../avr/lib/avr5/libc.a(strncpy.o)
                                                  ./arduino/arduino_libs/WString.o
strrchr                                           /usr/lib/gcc/avr/4.8.1/../../../avr/lib/avr5/libc.a(strrchr.o)
                                                  ./arduino/arduino_libs/WString.o
strrev                                            /usr/lib/gcc/avr/4.8.1/../../../avr/lib/avr5/libc.a(strrev.o)
                                                  /usr/lib/gcc/avr/4.8.1/../../../avr/lib/avr5/libc.a(utoa_ncheck.o)
                                                  /usr/lib/gcc/avr/4.8.1/../../../avr/lib/avr5/libc.a(ultoa_ncheck.o)
strstr                                            /usr/lib/gcc/avr/4.8.1/../../../avr/lib/avr5/libc.a(strstr.o)
                                                  ./arduino/arduino_libs/WString.o
timer0_millis                                     ./arduino/arduino_libs/wiring.o
timer0_overflow_count                             ./arduino/arduino_libs/wiring.o
timer0_pin_mask                                   ./arduino/arduino_libs/Tone.o
timer0_pin_port                                   ./arduino/arduino_libs/Tone.o
timer0_toggle_count                               ./arduino/arduino_libs/Tone.o
timer1_pin_mask                                   ./arduino/arduino_libs/Tone.o
timer1_pin_port                                   ./arduino/arduino_libs/Tone.o
timer1_toggle_count                               ./arduino/arduino_libs/Tone.o
timer2_pin_mask                                   ./arduino/arduino_libs/Tone.o
timer2_pin_port                                   ./arduino/arduino_libs/Tone.o
timer2_toggle_count                               ./arduino/arduino_libs/Tone.o
tolower                                           /usr/lib/gcc/avr/4.8.1/../../../avr/lib/avr5/libc.a(tolower.o)
                                                  ./arduino/arduino_libs/WString.o
tone(unsigned char, unsigned int, unsigned long)  ./arduino/arduino_libs/Tone.o
toupper                                           /usr/lib/gcc/avr/4.8.1/../../../avr/lib/avr5/libc.a(toupper.o)
                                                  ./arduino/arduino_libs/WString.o
tx_buffer                                         ./arduino/arduino_libs/HardwareSerial.o
ultoa                                             /usr/lib/gcc/avr/4.8.1/../../../avr/lib/avr5/libc.a(ultoa.o)
                                                  ./arduino/arduino_libs/WString.o
utoa                                              /usr/lib/gcc/avr/4.8.1/../../../avr/lib/avr5/libc.a(utoa.o)
                                                  ./arduino/arduino_libs/WString.o
vtable for HardwareSerial                         ./arduino/arduino_libs/HardwareSerial.o
vtable for IPAddress                              ./arduino/arduino_libs/IPAddress.o
vtable for Print                                  ./arduino/arduino_libs/Print.o
vtable for Printable                              ./arduino/arduino_libs/IPAddress.o
vtable for Stream                                 ./arduino/arduino_libs/HardwareSerial.o
