Archive member included because of file (symbol)

/usr/lib/gcc/avr/4.8.1/avr5/libgcc.a(_exit.o)
                              /usr/lib/gcc/avr/4.8.1/../../../avr/lib/avr5/crtm328p.o (exit)
/usr/lib/gcc/avr/4.8.1/avr5/libgcc.a(_copy_data.o)
                              ./Arduino/main.o (__do_copy_data)
/usr/lib/gcc/avr/4.8.1/avr5/libgcc.a(_clear_bss.o)
                              ./Arduino/wiring.o (__do_clear_bss)

Discarded input sections

 .bss           0x0000000000000000        0x0 /usr/lib/gcc/avr/4.8.1/../../../avr/lib/avr5/crtm328p.o
 .text          0x0000000000000000        0x0 ./Arduino/main.o
 .bss           0x0000000000000000        0x0 ./Arduino/main.o
 .rodata._ZL2SS
                0x0000000000000000        0x1 ./Arduino/main.o
 .rodata._ZL4MOSI
                0x0000000000000000        0x1 ./Arduino/main.o
 .rodata._ZL4MISO
                0x0000000000000000        0x1 ./Arduino/main.o
 .rodata._ZL3SCK
                0x0000000000000000        0x1 ./Arduino/main.o
 .rodata._ZL3SDA
                0x0000000000000000        0x1 ./Arduino/main.o
 .rodata._ZL3SCL
                0x0000000000000000        0x1 ./Arduino/main.o
 .rodata._ZL11LED_BUILTIN
                0x0000000000000000        0x1 ./Arduino/main.o
 .rodata._ZL2A0
                0x0000000000000000        0x1 ./Arduino/main.o
 .rodata._ZL2A1
                0x0000000000000000        0x1 ./Arduino/main.o
 .rodata._ZL2A2
                0x0000000000000000        0x1 ./Arduino/main.o
 .rodata._ZL2A3
                0x0000000000000000        0x1 ./Arduino/main.o
 .rodata._ZL2A4
                0x0000000000000000        0x1 ./Arduino/main.o
 .rodata._ZL2A5
                0x0000000000000000        0x1 ./Arduino/main.o
 .rodata._ZL2A6
                0x0000000000000000        0x1 ./Arduino/main.o
 .rodata._ZL2A7
                0x0000000000000000        0x1 ./Arduino/main.o
 .text          0x0000000000000000        0x0 ./Arduino/wiring.o
 .bss           0x0000000000000000        0x0 ./Arduino/wiring.o
 .rodata.SS     0x0000000000000000        0x1 ./Arduino/wiring.o
 .rodata.MOSI   0x0000000000000000        0x1 ./Arduino/wiring.o
 .rodata.MISO   0x0000000000000000        0x1 ./Arduino/wiring.o
 .rodata.SCK    0x0000000000000000        0x1 ./Arduino/wiring.o
 .rodata.SDA    0x0000000000000000        0x1 ./Arduino/wiring.o
 .rodata.SCL    0x0000000000000000        0x1 ./Arduino/wiring.o
 .rodata.LED_BUILTIN
                0x0000000000000000        0x1 ./Arduino/wiring.o
 .rodata.A0     0x0000000000000000        0x1 ./Arduino/wiring.o
 .rodata.A1     0x0000000000000000        0x1 ./Arduino/wiring.o
 .rodata.A2     0x0000000000000000        0x1 ./Arduino/wiring.o
 .rodata.A3     0x0000000000000000        0x1 ./Arduino/wiring.o
 .rodata.A4     0x0000000000000000        0x1 ./Arduino/wiring.o
 .rodata.A5     0x0000000000000000        0x1 ./Arduino/wiring.o
 .rodata.A6     0x0000000000000000        0x1 ./Arduino/wiring.o
 .rodata.A7     0x0000000000000000        0x1 ./Arduino/wiring.o
 .text.millis   0x0000000000000000       0x58 ./Arduino/wiring.o
 .text.delayMicroseconds
                0x0000000000000000       0x52 ./Arduino/wiring.o
 .text          0x0000000000000000        0x0 ./Arduino/wiring_digital.o
 .bss           0x0000000000000000        0x0 ./Arduino/wiring_digital.o
 .rodata.SS     0x0000000000000000        0x1 ./Arduino/wiring_digital.o
 .rodata.MOSI   0x0000000000000000        0x1 ./Arduino/wiring_digital.o
 .rodata.MISO   0x0000000000000000        0x1 ./Arduino/wiring_digital.o
 .rodata.SCK    0x0000000000000000        0x1 ./Arduino/wiring_digital.o
 .rodata.SDA    0x0000000000000000        0x1 ./Arduino/wiring_digital.o
 .rodata.SCL    0x0000000000000000        0x1 ./Arduino/wiring_digital.o
 .rodata.LED_BUILTIN
                0x0000000000000000        0x1 ./Arduino/wiring_digital.o
 .rodata.A0     0x0000000000000000        0x1 ./Arduino/wiring_digital.o
 .rodata.A1     0x0000000000000000        0x1 ./Arduino/wiring_digital.o
 .rodata.A2     0x0000000000000000        0x1 ./Arduino/wiring_digital.o
 .rodata.A3     0x0000000000000000        0x1 ./Arduino/wiring_digital.o
 .rodata.A4     0x0000000000000000        0x1 ./Arduino/wiring_digital.o
 .rodata.A5     0x0000000000000000        0x1 ./Arduino/wiring_digital.o
 .rodata.A6     0x0000000000000000        0x1 ./Arduino/wiring_digital.o
 .rodata.A7     0x0000000000000000        0x1 ./Arduino/wiring_digital.o
 .progmem.data.port_to_input_PGM
                0x0000000000000000        0xa ./Arduino/wiring_digital.o
 .text.digitalRead
                0x0000000000000000       0xd4 ./Arduino/wiring_digital.o
 .text          0x0000000000000000        0x0 ./test.o
 .bss           0x0000000000000000        0x0 ./test.o
 .rodata._ZL2SS
                0x0000000000000000        0x1 ./test.o
 .rodata._ZL4MOSI
                0x0000000000000000        0x1 ./test.o
 .rodata._ZL4MISO
                0x0000000000000000        0x1 ./test.o
 .rodata._ZL3SCK
                0x0000000000000000        0x1 ./test.o
 .rodata._ZL3SDA
                0x0000000000000000        0x1 ./test.o
 .rodata._ZL3SCL
                0x0000000000000000        0x1 ./test.o
 .rodata._ZL11LED_BUILTIN
                0x0000000000000000        0x1 ./test.o
 .rodata._ZL2A0
                0x0000000000000000        0x1 ./test.o
 .rodata._ZL2A1
                0x0000000000000000        0x1 ./test.o
 .rodata._ZL2A2
                0x0000000000000000        0x1 ./test.o
 .rodata._ZL2A3
                0x0000000000000000        0x1 ./test.o
 .rodata._ZL2A4
                0x0000000000000000        0x1 ./test.o
 .rodata._ZL2A5
                0x0000000000000000        0x1 ./test.o
 .rodata._ZL2A6
                0x0000000000000000        0x1 ./test.o
 .rodata._ZL2A7
                0x0000000000000000        0x1 ./test.o
 .text          0x0000000000000000        0x0 /usr/lib/gcc/avr/4.8.1/avr5/libgcc.a(_exit.o)
 .bss           0x0000000000000000        0x0 /usr/lib/gcc/avr/4.8.1/avr5/libgcc.a(_exit.o)
 .text.libgcc.mul
                0x0000000000000000        0x0 /usr/lib/gcc/avr/4.8.1/avr5/libgcc.a(_exit.o)
 .text.libgcc.div
                0x0000000000000000        0x0 /usr/lib/gcc/avr/4.8.1/avr5/libgcc.a(_exit.o)
 .text.libgcc   0x0000000000000000        0x0 /usr/lib/gcc/avr/4.8.1/avr5/libgcc.a(_exit.o)
 .text.libgcc.prologue
                0x0000000000000000        0x0 /usr/lib/gcc/avr/4.8.1/avr5/libgcc.a(_exit.o)
 .text.libgcc.builtins
                0x0000000000000000        0x0 /usr/lib/gcc/avr/4.8.1/avr5/libgcc.a(_exit.o)
 .text.libgcc.fmul
                0x0000000000000000        0x0 /usr/lib/gcc/avr/4.8.1/avr5/libgcc.a(_exit.o)
 .text.libgcc.fixed
                0x0000000000000000        0x0 /usr/lib/gcc/avr/4.8.1/avr5/libgcc.a(_exit.o)
 .text          0x0000000000000000        0x0 /usr/lib/gcc/avr/4.8.1/avr5/libgcc.a(_copy_data.o)
 .bss           0x0000000000000000        0x0 /usr/lib/gcc/avr/4.8.1/avr5/libgcc.a(_copy_data.o)
 .text.libgcc.mul
                0x0000000000000000        0x0 /usr/lib/gcc/avr/4.8.1/avr5/libgcc.a(_copy_data.o)
 .text.libgcc.div
                0x0000000000000000        0x0 /usr/lib/gcc/avr/4.8.1/avr5/libgcc.a(_copy_data.o)
 .text.libgcc   0x0000000000000000        0x0 /usr/lib/gcc/avr/4.8.1/avr5/libgcc.a(_copy_data.o)
 .text.libgcc.prologue
                0x0000000000000000        0x0 /usr/lib/gcc/avr/4.8.1/avr5/libgcc.a(_copy_data.o)
 .text.libgcc.builtins
                0x0000000000000000        0x0 /usr/lib/gcc/avr/4.8.1/avr5/libgcc.a(_copy_data.o)
 .text.libgcc.fmul
                0x0000000000000000        0x0 /usr/lib/gcc/avr/4.8.1/avr5/libgcc.a(_copy_data.o)
 .text.libgcc.fixed
                0x0000000000000000        0x0 /usr/lib/gcc/avr/4.8.1/avr5/libgcc.a(_copy_data.o)
 .text          0x0000000000000000        0x0 /usr/lib/gcc/avr/4.8.1/avr5/libgcc.a(_clear_bss.o)
 .bss           0x0000000000000000        0x0 /usr/lib/gcc/avr/4.8.1/avr5/libgcc.a(_clear_bss.o)
 .text.libgcc.mul
                0x0000000000000000        0x0 /usr/lib/gcc/avr/4.8.1/avr5/libgcc.a(_clear_bss.o)
 .text.libgcc.div
                0x0000000000000000        0x0 /usr/lib/gcc/avr/4.8.1/avr5/libgcc.a(_clear_bss.o)
 .text.libgcc   0x0000000000000000        0x0 /usr/lib/gcc/avr/4.8.1/avr5/libgcc.a(_clear_bss.o)
 .text.libgcc.prologue
                0x0000000000000000        0x0 /usr/lib/gcc/avr/4.8.1/avr5/libgcc.a(_clear_bss.o)
 .text.libgcc.builtins
                0x0000000000000000        0x0 /usr/lib/gcc/avr/4.8.1/avr5/libgcc.a(_clear_bss.o)
 .text.libgcc.fmul
                0x0000000000000000        0x0 /usr/lib/gcc/avr/4.8.1/avr5/libgcc.a(_clear_bss.o)
 .text.libgcc.fixed
                0x0000000000000000        0x0 /usr/lib/gcc/avr/4.8.1/avr5/libgcc.a(_clear_bss.o)

Memory Configuration

Name             Origin             Length             Attributes
text             0x0000000000000000 0x0000000000020000 xr
data             0x0000000000800060 0x000000000000ffa0 rw !x
eeprom           0x0000000000810000 0x0000000000010000 rw !x
fuse             0x0000000000820000 0x0000000000000400 rw !x
lock             0x0000000000830000 0x0000000000000400 rw !x
signature        0x0000000000840000 0x0000000000000400 rw !x
user_signatures  0x0000000000850000 0x0000000000000400 rw !x
*default*        0x0000000000000000 0xffffffffffffffff

Linker script and memory map

Address of section .data set to 0x800100
LOAD /usr/lib/gcc/avr/4.8.1/../../../avr/lib/avr5/crtm328p.o
LOAD ./Arduino/main.o
LOAD ./Arduino/wiring.o
LOAD ./Arduino/wiring_digital.o
LOAD ./test.o
LOAD /usr/lib/gcc/avr/4.8.1/avr5/libgcc.a
LOAD /usr/lib/gcc/avr/4.8.1/../../../avr/lib/avr5/libm.a
START GROUP
LOAD /usr/lib/gcc/avr/4.8.1/avr5/libgcc.a
LOAD /usr/lib/gcc/avr/4.8.1/../../../avr/lib/avr5/libm.a
LOAD /usr/lib/gcc/avr/4.8.1/../../../avr/lib/avr5/libc.a
END GROUP

.hash
 *(.hash)

.dynsym
 *(.dynsym)

.dynstr
 *(.dynstr)

.gnu.version
 *(.gnu.version)

.gnu.version_d
 *(.gnu.version_d)

.gnu.version_r
 *(.gnu.version_r)

.rel.init
 *(.rel.init)

.rela.init
 *(.rela.init)

.rel.text
 *(.rel.text)
 *(.rel.text.*)
 *(.rel.gnu.linkonce.t*)

.rela.text
 *(.rela.text)
 *(.rela.text.*)
 *(.rela.gnu.linkonce.t*)

.rel.fini
 *(.rel.fini)

.rela.fini
 *(.rela.fini)

.rel.rodata
 *(.rel.rodata)
 *(.rel.rodata.*)
 *(.rel.gnu.linkonce.r*)

.rela.rodata
 *(.rela.rodata)
 *(.rela.rodata.*)
 *(.rela.gnu.linkonce.r*)

.rel.data
 *(.rel.data)
 *(.rel.data.*)
 *(.rel.gnu.linkonce.d*)

.rela.data
 *(.rela.data)
 *(.rela.data.*)
 *(.rela.gnu.linkonce.d*)

.rel.ctors
 *(.rel.ctors)

.rela.ctors
 *(.rela.ctors)

.rel.dtors
 *(.rel.dtors)

.rela.dtors
 *(.rela.dtors)

.rel.got
 *(.rel.got)

.rela.got
 *(.rela.got)

.rel.bss
 *(.rel.bss)

.rela.bss
 *(.rela.bss)

.rel.plt
 *(.rel.plt)

.rela.plt
 *(.rela.plt)

.text           0x0000000000000000      0x802
 *(.vectors)
 .vectors       0x0000000000000000       0x68 /usr/lib/gcc/avr/4.8.1/../../../avr/lib/avr5/crtm328p.o
                0x0000000000000000                __vectors
                0x0000000000000000                __vector_default
 *(.vectors)
 *(.progmem.gcc*)
                0x0000000000000068                . = ALIGN (0x2)
                0x0000000000000068                __trampolines_start = .
 *(.trampolines)
 .trampolines   0x0000000000000068        0x0 linker stubs
 *(.trampolines*)
                0x0000000000000068                __trampolines_end = .
 *(.progmem*)
 .progmem.data.port_to_mode_PGM
                0x0000000000000068        0xa ./Arduino/wiring_digital.o
                0x0000000000000068                port_to_mode_PGM
 .progmem.data.port_to_output_PGM
                0x0000000000000072        0xa ./Arduino/wiring_digital.o
                0x0000000000000072                port_to_output_PGM
 .progmem.data.digital_pin_to_port_PGM
                0x000000000000007c       0x14 ./Arduino/wiring_digital.o
                0x000000000000007c                digital_pin_to_port_PGM
 .progmem.data.digital_pin_to_bit_mask_PGM
                0x0000000000000090       0x14 ./Arduino/wiring_digital.o
                0x0000000000000090                digital_pin_to_bit_mask_PGM
 .progmem.data.digital_pin_to_timer_PGM
                0x00000000000000a4       0x14 ./Arduino/wiring_digital.o
                0x00000000000000a4                digital_pin_to_timer_PGM
                0x00000000000000b8                . = ALIGN (0x2)
 *(.jumptables)
 *(.jumptables*)
 *(.lowtext)
 *(.lowtext*)
                0x00000000000000b8                __ctors_start = .
 *(.ctors)
                0x00000000000000b8                __ctors_end = .
                0x00000000000000b8                __dtors_start = .
 *(.dtors)
                0x00000000000000b8                __dtors_end = .
 SORT(*)(.ctors)
 SORT(*)(.dtors)
 *(.init0)
 .init0         0x00000000000000b8        0x0 /usr/lib/gcc/avr/4.8.1/../../../avr/lib/avr5/crtm328p.o
                0x00000000000000b8                __init
 *(.init0)
 *(.init1)
 *(.init1)
 *(.init2)
 .init2         0x00000000000000b8        0xc /usr/lib/gcc/avr/4.8.1/../../../avr/lib/avr5/crtm328p.o
 *(.init2)
 *(.init3)
 *(.init3)
 *(.init4)
 .init4         0x00000000000000c4       0x16 /usr/lib/gcc/avr/4.8.1/avr5/libgcc.a(_copy_data.o)
                0x00000000000000c4                __do_copy_data
 .init4         0x00000000000000da       0x10 /usr/lib/gcc/avr/4.8.1/avr5/libgcc.a(_clear_bss.o)
                0x00000000000000da                __do_clear_bss
 *(.init4)
 *(.init5)
 *(.init5)
 *(.init6)
 *(.init6)
 *(.init7)
 *(.init7)
 *(.init8)
 *(.init8)
 *(.init9)
 .init9         0x00000000000000ea        0x4 /usr/lib/gcc/avr/4.8.1/../../../avr/lib/avr5/crtm328p.o
 *(.init9)
 *(.text)
 .text          0x00000000000000ee        0x2 /usr/lib/gcc/avr/4.8.1/../../../avr/lib/avr5/crtm328p.o
                0x00000000000000ee                __vector_22
                0x00000000000000ee                __vector_1
                0x00000000000000ee                __vector_24
                0x00000000000000ee                __vector_12
                0x00000000000000ee                __bad_interrupt
                0x00000000000000ee                __vector_6
                0x00000000000000ee                __vector_3
                0x00000000000000ee                __vector_23
                0x00000000000000ee                __vector_25
                0x00000000000000ee                __vector_11
                0x00000000000000ee                __vector_13
                0x00000000000000ee                __vector_17
                0x00000000000000ee                __vector_19
                0x00000000000000ee                __vector_7
                0x00000000000000ee                __vector_5
                0x00000000000000ee                __vector_4
                0x00000000000000ee                __vector_9
                0x00000000000000ee                __vector_2
                0x00000000000000ee                __vector_21
                0x00000000000000ee                __vector_15
                0x00000000000000ee                __vector_8
                0x00000000000000ee                __vector_14
                0x00000000000000ee                __vector_10
                0x00000000000000ee                __vector_18
                0x00000000000000ee                __vector_20
                0x00000000000000f0                . = ALIGN (0x2)
 *(.text.*)
 .text.main     0x00000000000000f0       0x1c ./Arduino/main.o
                0x00000000000000f0                main
 .text.__vector_16
                0x000000000000010c       0xe4 ./Arduino/wiring.o
                0x000000000000010c                __vector_16
 .text.micros   0x00000000000001f0       0xbe ./Arduino/wiring.o
                0x00000000000001f0                micros
 .text.delay    0x00000000000002ae       0x82 ./Arduino/wiring.o
                0x00000000000002ae                delay
 .text.init     0x0000000000000330      0x11c ./Arduino/wiring.o
                0x0000000000000330                init
 .text.pinMode  0x000000000000044c      0x192 ./Arduino/wiring_digital.o
                0x000000000000044c                pinMode
 .text.turnOffPWM
                0x00000000000005de       0xc0 ./Arduino/wiring_digital.o
 .text.digitalWrite
                0x000000000000069e      0x10c ./Arduino/wiring_digital.o
                0x000000000000069e                digitalWrite
 .text.setup    0x00000000000007aa       0x1a ./test.o
                0x00000000000007aa                setup
 .text.loop     0x00000000000007c4       0x3a ./test.o
                0x00000000000007c4                loop
                0x00000000000007fe                . = ALIGN (0x2)
 *(.fini9)
 .fini9         0x00000000000007fe        0x0 /usr/lib/gcc/avr/4.8.1/avr5/libgcc.a(_exit.o)
                0x00000000000007fe                exit
                0x00000000000007fe                _exit
 *(.fini9)
 *(.fini8)
 *(.fini8)
 *(.fini7)
 *(.fini7)
 *(.fini6)
 *(.fini6)
 *(.fini5)
 *(.fini5)
 *(.fini4)
 *(.fini4)
 *(.fini3)
 *(.fini3)
 *(.fini2)
 *(.fini2)
 *(.fini1)
 *(.fini1)
 *(.fini0)
 .fini0         0x00000000000007fe        0x4 /usr/lib/gcc/avr/4.8.1/avr5/libgcc.a(_exit.o)
 *(.fini0)
                0x0000000000000802                _etext = .

.data           0x0000000000800100        0x2 load address 0x0000000000000802
                0x0000000000800100                PROVIDE (__data_start, .)
 *(.data)
 .data          0x0000000000800100        0x0 /usr/lib/gcc/avr/4.8.1/../../../avr/lib/avr5/crtm328p.o
 .data          0x0000000000800100        0x0 ./Arduino/main.o
 .data          0x0000000000800100        0x0 ./Arduino/wiring.o
 .data          0x0000000000800100        0x0 ./Arduino/wiring_digital.o
 .data          0x0000000000800100        0x0 ./test.o
 .data          0x0000000000800100        0x0 /usr/lib/gcc/avr/4.8.1/avr5/libgcc.a(_exit.o)
 .data          0x0000000000800100        0x0 /usr/lib/gcc/avr/4.8.1/avr5/libgcc.a(_copy_data.o)
 .data          0x0000000000800100        0x0 /usr/lib/gcc/avr/4.8.1/avr5/libgcc.a(_clear_bss.o)
 *(.data*)
 .data.led      0x0000000000800100        0x2 ./test.o
                0x0000000000800100                led
 *(.rodata)
 *(.rodata*)
 *(.gnu.linkonce.d*)
                0x0000000000800102                . = ALIGN (0x2)
                0x0000000000800102                _edata = .
                0x0000000000800102                PROVIDE (__data_end, .)

.bss            0x0000000000800102        0x9
                0x0000000000800102                PROVIDE (__bss_start, .)
 *(.bss)
 *(.bss*)
 .bss.timer0_overflow_count
                0x0000000000800102        0x4 ./Arduino/wiring.o
                0x0000000000800102                timer0_overflow_count
 .bss.timer0_millis
                0x0000000000800106        0x4 ./Arduino/wiring.o
                0x0000000000800106                timer0_millis
 .bss.timer0_fract
                0x000000000080010a        0x1 ./Arduino/wiring.o
 *(COMMON)
                0x000000000080010b                PROVIDE (__bss_end, .)
                0x0000000000000802                __data_load_start = LOADADDR (.data)
                0x0000000000000804                __data_load_end = (__data_load_start + SIZEOF (.data))

.noinit         0x000000000080010b        0x0
                0x000000000080010b                PROVIDE (__noinit_start, .)
 *(.noinit*)
                0x000000000080010b                PROVIDE (__noinit_end, .)
                0x000000000080010b                _end = .
                0x000000000080010b                PROVIDE (__heap_start, .)

.eeprom         0x0000000000810000        0x0
 *(.eeprom*)
                0x0000000000810000                __eeprom_end = .

.fuse
 *(.fuse)
 *(.lfuse)
 *(.hfuse)
 *(.efuse)

.lock
 *(.lock*)

.signature
 *(.signature*)

.user_signatures
 *(.user_signatures*)

.stab           0x0000000000000000     0x1f74
 *(.stab)
 .stab          0x0000000000000000      0x6a8 ./Arduino/main.o
 .stab          0x00000000000006a8      0x990 ./Arduino/wiring.o
                                        0xa98 (size before relaxing)
 .stab          0x0000000000001038      0x864 ./Arduino/wiring_digital.o
                                        0xdbc (size before relaxing)
 .stab          0x000000000000189c      0x6d8 ./test.o
                                        0x6e4 (size before relaxing)

.stabstr        0x0000000000000000     0x2a47
 *(.stabstr)
 .stabstr       0x0000000000000000     0x2a47 ./Arduino/main.o

.stab.excl
 *(.stab.excl)

.stab.exclstr
 *(.stab.exclstr)

.stab.index
 *(.stab.index)

.stab.indexstr
 *(.stab.indexstr)

.comment        0x0000000000000000       0x11
 *(.comment)
 .comment       0x0000000000000000       0x11 ./Arduino/main.o
                                         0x12 (size before relaxing)
 .comment       0x0000000000000000       0x12 ./Arduino/wiring.o
 .comment       0x0000000000000000       0x12 ./Arduino/wiring_digital.o
 .comment       0x0000000000000000       0x12 ./test.o

.note.gnu.build-id
 *(.note.gnu.build-id)

.debug
 *(.debug)

.line
 *(.line)

.debug_srcinfo
 *(.debug_srcinfo)

.debug_sfnames
 *(.debug_sfnames)

.debug_aranges
 *(.debug_aranges)

.debug_pubnames
 *(.debug_pubnames)

.debug_info
 *(.debug_info .gnu.linkonce.wi.*)

.debug_abbrev
 *(.debug_abbrev)

.debug_line
 *(.debug_line .debug_line.* .debug_line_end)

.debug_frame
 *(.debug_frame)

.debug_str
 *(.debug_str)

.debug_loc
 *(.debug_loc)

.debug_macinfo
 *(.debug_macinfo)

.debug_weaknames
 *(.debug_weaknames)

.debug_funcnames
 *(.debug_funcnames)

.debug_typenames
 *(.debug_typenames)

.debug_varnames
 *(.debug_varnames)

.debug_pubtypes
 *(.debug_pubtypes)

.debug_ranges
 *(.debug_ranges)

.debug_macro
 *(.debug_macro)
OUTPUT(ArduinoNano_Console.elf elf32-avr)
LOAD linker stubs

Cross Reference Table

Symbol                                            File
__bad_interrupt                                   /usr/lib/gcc/avr/4.8.1/../../../avr/lib/avr5/crtm328p.o
__bss_end                                         /usr/lib/gcc/avr/4.8.1/avr5/libgcc.a(_clear_bss.o)
__bss_start                                       /usr/lib/gcc/avr/4.8.1/avr5/libgcc.a(_clear_bss.o)
__data_end                                        /usr/lib/gcc/avr/4.8.1/avr5/libgcc.a(_copy_data.o)
__data_load_start                                 /usr/lib/gcc/avr/4.8.1/avr5/libgcc.a(_copy_data.o)
__data_start                                      /usr/lib/gcc/avr/4.8.1/avr5/libgcc.a(_copy_data.o)
__do_clear_bss                                    /usr/lib/gcc/avr/4.8.1/avr5/libgcc.a(_clear_bss.o)
                                                  ./Arduino/wiring.o
__do_copy_data                                    /usr/lib/gcc/avr/4.8.1/avr5/libgcc.a(_copy_data.o)
                                                  ./test.o
                                                  ./Arduino/wiring_digital.o
                                                  ./Arduino/wiring.o
                                                  ./Arduino/main.o
__heap_end                                        /usr/lib/gcc/avr/4.8.1/../../../avr/lib/avr5/crtm328p.o
__init                                            /usr/lib/gcc/avr/4.8.1/../../../avr/lib/avr5/crtm328p.o
__stack                                           /usr/lib/gcc/avr/4.8.1/../../../avr/lib/avr5/crtm328p.o
__vector_1                                        /usr/lib/gcc/avr/4.8.1/../../../avr/lib/avr5/crtm328p.o
__vector_10                                       /usr/lib/gcc/avr/4.8.1/../../../avr/lib/avr5/crtm328p.o
__vector_11                                       /usr/lib/gcc/avr/4.8.1/../../../avr/lib/avr5/crtm328p.o
__vector_12                                       /usr/lib/gcc/avr/4.8.1/../../../avr/lib/avr5/crtm328p.o
__vector_13                                       /usr/lib/gcc/avr/4.8.1/../../../avr/lib/avr5/crtm328p.o
__vector_14                                       /usr/lib/gcc/avr/4.8.1/../../../avr/lib/avr5/crtm328p.o
__vector_15                                       /usr/lib/gcc/avr/4.8.1/../../../avr/lib/avr5/crtm328p.o
__vector_16                                       ./Arduino/wiring.o
                                                  /usr/lib/gcc/avr/4.8.1/../../../avr/lib/avr5/crtm328p.o
__vector_17                                       /usr/lib/gcc/avr/4.8.1/../../../avr/lib/avr5/crtm328p.o
__vector_18                                       /usr/lib/gcc/avr/4.8.1/../../../avr/lib/avr5/crtm328p.o
__vector_19                                       /usr/lib/gcc/avr/4.8.1/../../../avr/lib/avr5/crtm328p.o
__vector_2                                        /usr/lib/gcc/avr/4.8.1/../../../avr/lib/avr5/crtm328p.o
__vector_20                                       /usr/lib/gcc/avr/4.8.1/../../../avr/lib/avr5/crtm328p.o
__vector_21                                       /usr/lib/gcc/avr/4.8.1/../../../avr/lib/avr5/crtm328p.o
__vector_22                                       /usr/lib/gcc/avr/4.8.1/../../../avr/lib/avr5/crtm328p.o
__vector_23                                       /usr/lib/gcc/avr/4.8.1/../../../avr/lib/avr5/crtm328p.o
__vector_24                                       /usr/lib/gcc/avr/4.8.1/../../../avr/lib/avr5/crtm328p.o
__vector_25                                       /usr/lib/gcc/avr/4.8.1/../../../avr/lib/avr5/crtm328p.o
__vector_3                                        /usr/lib/gcc/avr/4.8.1/../../../avr/lib/avr5/crtm328p.o
__vector_4                                        /usr/lib/gcc/avr/4.8.1/../../../avr/lib/avr5/crtm328p.o
__vector_5                                        /usr/lib/gcc/avr/4.8.1/../../../avr/lib/avr5/crtm328p.o
__vector_6                                        /usr/lib/gcc/avr/4.8.1/../../../avr/lib/avr5/crtm328p.o
__vector_7                                        /usr/lib/gcc/avr/4.8.1/../../../avr/lib/avr5/crtm328p.o
__vector_8                                        /usr/lib/gcc/avr/4.8.1/../../../avr/lib/avr5/crtm328p.o
__vector_9                                        /usr/lib/gcc/avr/4.8.1/../../../avr/lib/avr5/crtm328p.o
__vector_default                                  /usr/lib/gcc/avr/4.8.1/../../../avr/lib/avr5/crtm328p.o
__vectors                                         /usr/lib/gcc/avr/4.8.1/../../../avr/lib/avr5/crtm328p.o
_exit                                             /usr/lib/gcc/avr/4.8.1/avr5/libgcc.a(_exit.o)
delay                                             ./Arduino/wiring.o
                                                  ./test.o
delayMicroseconds                                 ./Arduino/wiring.o
digitalRead                                       ./Arduino/wiring_digital.o
digitalWrite                                      ./Arduino/wiring_digital.o
                                                  ./test.o
digital_pin_to_bit_mask_PGM                       ./Arduino/wiring_digital.o
digital_pin_to_port_PGM                           ./Arduino/wiring_digital.o
digital_pin_to_timer_PGM                          ./Arduino/wiring_digital.o
exit                                              /usr/lib/gcc/avr/4.8.1/avr5/libgcc.a(_exit.o)
                                                  /usr/lib/gcc/avr/4.8.1/../../../avr/lib/avr5/crtm328p.o
init                                              ./Arduino/wiring.o
                                                  ./Arduino/main.o
led                                               ./test.o
loop                                              ./test.o
                                                  ./Arduino/main.o
main                                              ./Arduino/main.o
                                                  /usr/lib/gcc/avr/4.8.1/../../../avr/lib/avr5/crtm328p.o
micros                                            ./Arduino/wiring.o
millis                                            ./Arduino/wiring.o
pinMode                                           ./Arduino/wiring_digital.o
                                                  ./test.o
port_to_input_PGM                                 ./Arduino/wiring_digital.o
port_to_mode_PGM                                  ./Arduino/wiring_digital.o
port_to_output_PGM                                ./Arduino/wiring_digital.o
serialEventRun()                                  ./Arduino/main.o
setup                                             ./test.o
                                                  ./Arduino/main.o
timer0_millis                                     ./Arduino/wiring.o
timer0_overflow_count                             ./Arduino/wiring.o
